ARM GAS  C:\Users\SIMONM~1\AppData\Local\Temp\ccsYZAWk.s 			page 1


   1              		.cpu cortex-m4
   2              		.arch armv7e-m
   3              		.fpu fpv4-sp-d16
   4              		.eabi_attribute 27, 1
   5              		.eabi_attribute 28, 1
   6              		.eabi_attribute 20, 1
   7              		.eabi_attribute 21, 1
   8              		.eabi_attribute 23, 3
   9              		.eabi_attribute 24, 1
  10              		.eabi_attribute 25, 1
  11              		.eabi_attribute 26, 1
  12              		.eabi_attribute 30, 1
  13              		.eabi_attribute 34, 1
  14              		.eabi_attribute 18, 4
  15              		.file	"init.c"
  16              		.text
  17              	.Ltext0:
  18              		.cfi_sections	.debug_frame
  19              		.file 1 "Core/Src/init.c"
  20              		.section	.text.GPIO_init__Memory,"ax",%progbits
  21              		.align	1
  22              		.global	GPIO_init__Memory
  23              		.syntax unified
  24              		.thumb
  25              		.thumb_func
  27              	GPIO_init__Memory:
  28              	.LFB130:
   1:Core/Src/init.c **** #include "main.h"
   2:Core/Src/init.c **** void GPIO_init__Memory(void){};
  29              		.loc 1 2 29 view -0
  30              		.cfi_startproc
  31              		@ args = 0, pretend = 0, frame = 0
  32              		@ frame_needed = 0, uses_anonymous_args = 0
  33              		@ link register save eliminated.
  34              		.loc 1 2 30 view .LVU1
  35 0000 7047     		bx	lr
  36              		.cfi_endproc
  37              	.LFE130:
  39              		.section	.text.Led_init,"ax",%progbits
  40              		.align	1
  41              		.global	Led_init
  42              		.syntax unified
  43              		.thumb
  44              		.thumb_func
  46              	Led_init:
  47              	.LFB131:
   3:Core/Src/init.c **** 
   4:Core/Src/init.c **** void Led_init(void)
   5:Core/Src/init.c **** {
  48              		.loc 1 5 1 view -0
  49              		.cfi_startproc
  50              		@ args = 0, pretend = 0, frame = 0
  51              		@ frame_needed = 0, uses_anonymous_args = 0
  52              		@ link register save eliminated.
   6:Core/Src/init.c ****     RCC_AHB1ENR |= RCC_GPIOB_EN ;
  53              		.loc 1 6 5 view .LVU3
  54 0000 2E4A     		ldr	r2, .L3
ARM GAS  C:\Users\SIMONM~1\AppData\Local\Temp\ccsYZAWk.s 			page 2


  55 0002 D2F83038 		ldr	r3, [r2, #2096]
  56              		.loc 1 6 17 is_stmt 0 view .LVU4
  57 0006 43F00203 		orr	r3, r3, #2
  58 000a C2F83038 		str	r3, [r2, #2096]
   7:Core/Src/init.c ****     //PB11 with my macros
   8:Core/Src/init.c ****     BIT_SET(GPIOB_MODER, GPIO_PIN_OUT_11);
  59              		.loc 1 8 5 is_stmt 1 view .LVU5
  60 000e A2F54052 		sub	r2, r2, #12288
  61 0012 D2F80034 		ldr	r3, [r2, #1024]
  62 0016 43F48003 		orr	r3, r3, #4194304
  63 001a C2F80034 		str	r3, [r2, #1024]
   9:Core/Src/init.c ****     BIT_SET(GPIOB_OTYPER, GPIO_OFF);
  64              		.loc 1 9 5 view .LVU6
  10:Core/Src/init.c ****     BIT_SET(GPIOB_OSPEEDR, GPIO_PIN_MED_11);
  65              		.loc 1 10 5 view .LVU7
  66 001e D2F80834 		ldr	r3, [r2, #1032]
  67 0022 43F48003 		orr	r3, r3, #4194304
  68 0026 C2F80834 		str	r3, [r2, #1032]
  11:Core/Src/init.c ****     BIT_SET(GPIOB_BSRR, GPIO_PIN_RESET_11);
  69              		.loc 1 11 5 view .LVU8
  70 002a D2F81834 		ldr	r3, [r2, #1048]
  71 002e 43F00063 		orr	r3, r3, #134217728
  72 0032 C2F81834 		str	r3, [r2, #1048]
  12:Core/Src/init.c ****     //PB12 with CMSIS
  13:Core/Src/init.c ****     MODIFY_REG(GPIOB->MODER, GPIO_MODER_MODE12, (0x1u << GPIO_MODER_MODE12_Pos));
  73              		.loc 1 13 5 view .LVU9
  74 0036 224B     		ldr	r3, .L3+4
  75 0038 1968     		ldr	r1, [r3]
  76 003a 21F04071 		bic	r1, r1, #50331648
  77 003e 41F08070 		orr	r0, r1, #16777216
  78 0042 1860     		str	r0, [r3]
  14:Core/Src/init.c ****     CLEAR_BIT(GPIOB->OTYPER, GPIO_OTYPER_OT_12);
  79              		.loc 1 14 5 view .LVU10
  80 0044 5868     		ldr	r0, [r3, #4]
  81 0046 20F48050 		bic	r0, r0, #4096
  82 004a 5860     		str	r0, [r3, #4]
  15:Core/Src/init.c ****     MODIFY_REG(GPIOB->OSPEEDR, GPIO_OSPEEDR_OSPEED12, (0x1u << GPIO_OSPEEDR_OSPEED12_Pos));
  83              		.loc 1 15 5 view .LVU11
  84 004c 9868     		ldr	r0, [r3, #8]
  85 004e 20F04070 		bic	r0, r0, #50331648
  86 0052 40F08070 		orr	r0, r0, #16777216
  87 0056 9860     		str	r0, [r3, #8]
  16:Core/Src/init.c ****     CLEAR_BIT(GPIOB->BSRR, GPIO_BSRR_BR12);
  88              		.loc 1 16 5 view .LVU12
  89 0058 9869     		ldr	r0, [r3, #24]
  90 005a 20F08050 		bic	r0, r0, #268435456
  91 005e 9861     		str	r0, [r3, #24]
  17:Core/Src/init.c ****     MODIFY_REG(GPIOB->PUPDR, GPIO_PUPDR_PUPD12, (0x0u << GPIO_PUPDR_PUPD12_Pos));
  92              		.loc 1 17 5 view .LVU13
  93 0060 D868     		ldr	r0, [r3, #12]
  94 0062 20F04070 		bic	r0, r0, #50331648
  95 0066 D860     		str	r0, [r3, #12]
  18:Core/Src/init.c ****     //PB15 bytes operations
  19:Core/Src/init.c ****     *(uint32_t *)(0x40020400UL + 0x00UL) |= 0x40000000UL; //MODER
  96              		.loc 1 19 5 view .LVU14
  97              		.loc 1 19 42 is_stmt 0 view .LVU15
  98 0068 41F08241 		orr	r1, r1, #1090519040
ARM GAS  C:\Users\SIMONM~1\AppData\Local\Temp\ccsYZAWk.s 			page 3


  99 006c C2F80014 		str	r1, [r2, #1024]
  20:Core/Src/init.c ****     *(uint32_t *)(0x40020400UL + 0x04UL) |= 0x00; //OTYPER
 100              		.loc 1 20 5 is_stmt 1 view .LVU16
  21:Core/Src/init.c ****     *(uint32_t *)(0x40020400UL + 0x08UL) |= 0x40000000UL; //OSPEEDR
 101              		.loc 1 21 5 view .LVU17
 102 0070 D2F80814 		ldr	r1, [r2, #1032]
 103              		.loc 1 21 42 is_stmt 0 view .LVU18
 104 0074 41F08041 		orr	r1, r1, #1073741824
 105 0078 C2F80814 		str	r1, [r2, #1032]
  22:Core/Src/init.c ****     *(uint32_t *)(0x40020400UL + 0x0CUL) |= 0x80000000UL; //BSRR
 106              		.loc 1 22 5 is_stmt 1 view .LVU19
 107 007c D2F80C14 		ldr	r1, [r2, #1036]
 108              		.loc 1 22 42 is_stmt 0 view .LVU20
 109 0080 41F00041 		orr	r1, r1, #-2147483648
 110 0084 C2F80C14 		str	r1, [r2, #1036]
  23:Core/Src/init.c ****     //PB13
  24:Core/Src/init.c ****     MODIFY_REG(GPIOB->MODER, GPIO_MODER_MODE13, (0x1u << GPIO_MODER_MODE13_Pos));
 111              		.loc 1 24 5 is_stmt 1 view .LVU21
 112 0088 1A68     		ldr	r2, [r3]
 113 008a 22F04062 		bic	r2, r2, #201326592
 114 008e 42F08062 		orr	r2, r2, #67108864
 115 0092 1A60     		str	r2, [r3]
  25:Core/Src/init.c ****     CLEAR_BIT(GPIOB->OTYPER, GPIO_OTYPER_OT_13);
 116              		.loc 1 25 5 view .LVU22
 117 0094 5A68     		ldr	r2, [r3, #4]
 118 0096 22F40052 		bic	r2, r2, #8192
 119 009a 5A60     		str	r2, [r3, #4]
  26:Core/Src/init.c ****     MODIFY_REG(GPIOB->OSPEEDR, GPIO_OSPEEDR_OSPEED13, (0x1u << GPIO_OSPEEDR_OSPEED13_Pos));
 120              		.loc 1 26 5 view .LVU23
 121 009c 9A68     		ldr	r2, [r3, #8]
 122 009e 22F04062 		bic	r2, r2, #201326592
 123 00a2 42F08062 		orr	r2, r2, #67108864
 124 00a6 9A60     		str	r2, [r3, #8]
  27:Core/Src/init.c ****     CLEAR_BIT(GPIOB->BSRR, GPIO_BSRR_BR13);
 125              		.loc 1 27 5 view .LVU24
 126 00a8 9A69     		ldr	r2, [r3, #24]
 127 00aa 22F00052 		bic	r2, r2, #536870912
 128 00ae 9A61     		str	r2, [r3, #24]
  28:Core/Src/init.c ****     MODIFY_REG(GPIOB->PUPDR, GPIO_PUPDR_PUPD13, (0x0u << GPIO_PUPDR_PUPD13_Pos));
 129              		.loc 1 28 5 view .LVU25
 130 00b0 DA68     		ldr	r2, [r3, #12]
 131 00b2 22F04062 		bic	r2, r2, #201326592
 132 00b6 DA60     		str	r2, [r3, #12]
  29:Core/Src/init.c **** }
 133              		.loc 1 29 1 is_stmt 0 view .LVU26
 134 00b8 7047     		bx	lr
 135              	.L4:
 136 00ba 00BF     		.align	2
 137              	.L3:
 138 00bc 00300240 		.word	1073885184
 139 00c0 00040240 		.word	1073873920
 140              		.cfi_endproc
 141              	.LFE131:
 143              		.section	.text.Buttons_Init,"ax",%progbits
 144              		.align	1
 145              		.global	Buttons_Init
 146              		.syntax unified
ARM GAS  C:\Users\SIMONM~1\AppData\Local\Temp\ccsYZAWk.s 			page 4


 147              		.thumb
 148              		.thumb_func
 150              	Buttons_Init:
 151              	.LFB132:
  30:Core/Src/init.c **** 
  31:Core/Src/init.c **** void Buttons_Init(void)
  32:Core/Src/init.c **** {
 152              		.loc 1 32 1 is_stmt 1 view -0
 153              		.cfi_startproc
 154              		@ args = 0, pretend = 0, frame = 0
 155              		@ frame_needed = 0, uses_anonymous_args = 0
 156              		@ link register save eliminated.
  33:Core/Src/init.c **** 
  34:Core/Src/init.c ****     SET_BIT(RCC->AHB1ENR, RCC_AHB1ENR_GPIOBEN);
 157              		.loc 1 34 5 view .LVU28
 158 0000 104B     		ldr	r3, .L6
 159 0002 1A6B     		ldr	r2, [r3, #48]
 160 0004 42F00202 		orr	r2, r2, #2
 161 0008 1A63     		str	r2, [r3, #48]
  35:Core/Src/init.c ****     SET_BIT(RCC->AHB1ENR, RCC_AHB1ENR_GPIOCEN);
 162              		.loc 1 35 5 view .LVU29
 163 000a 1A6B     		ldr	r2, [r3, #48]
 164 000c 42F00402 		orr	r2, r2, #4
 165 0010 1A63     		str	r2, [r3, #48]
  36:Core/Src/init.c ****     (void)RCC->AHB1ENR;
 166              		.loc 1 36 5 view .LVU30
 167 0012 1B6B     		ldr	r3, [r3, #48]
  37:Core/Src/init.c **** 
  38:Core/Src/init.c ****     MODIFY_REG(GPIOB->MODER, GPIO_MODER_MODE8_Msk, (0x0u << GPIO_MODER_MODE8_Pos)); // 00 = Input
 168              		.loc 1 38 5 view .LVU31
 169 0014 0C4A     		ldr	r2, .L6+4
 170 0016 1368     		ldr	r3, [r2]
 171 0018 23F44033 		bic	r3, r3, #196608
 172 001c 1360     		str	r3, [r2]
  39:Core/Src/init.c ****     MODIFY_REG(GPIOB->PUPDR, GPIO_PUPDR_PUPD8_Msk, (0x2u << GPIO_PUPDR_PUPD8_Pos)); // 10 = Pull-Do
 173              		.loc 1 39 5 view .LVU32
 174 001e D368     		ldr	r3, [r2, #12]
 175 0020 23F44033 		bic	r3, r3, #196608
 176 0024 43F40033 		orr	r3, r3, #131072
 177 0028 D360     		str	r3, [r2, #12]
  40:Core/Src/init.c **** 
  41:Core/Src/init.c ****     MODIFY_REG(GPIOC->MODER, GPIO_MODER_MODE12_Msk, (0x0u << GPIO_MODER_MODE12_Pos)); // 00 = Input
 178              		.loc 1 41 5 view .LVU33
 179 002a 02F58062 		add	r2, r2, #1024
 180 002e 1368     		ldr	r3, [r2]
 181 0030 23F04073 		bic	r3, r3, #50331648
 182 0034 1360     		str	r3, [r2]
  42:Core/Src/init.c ****     MODIFY_REG(GPIOC->PUPDR, GPIO_PUPDR_PUPD12_Msk, (0x2u << GPIO_PUPDR_PUPD12_Pos)); // 10 = Pull-
 183              		.loc 1 42 5 view .LVU34
 184 0036 D368     		ldr	r3, [r2, #12]
 185 0038 23F04073 		bic	r3, r3, #50331648
 186 003c 43F00073 		orr	r3, r3, #33554432
 187 0040 D360     		str	r3, [r2, #12]
  43:Core/Src/init.c ****     
  44:Core/Src/init.c **** 
  45:Core/Src/init.c **** 
  46:Core/Src/init.c **** }
ARM GAS  C:\Users\SIMONM~1\AppData\Local\Temp\ccsYZAWk.s 			page 5


 188              		.loc 1 46 1 is_stmt 0 view .LVU35
 189 0042 7047     		bx	lr
 190              	.L7:
 191              		.align	2
 192              	.L6:
 193 0044 00380240 		.word	1073887232
 194 0048 00040240 		.word	1073873920
 195              		.cfi_endproc
 196              	.LFE132:
 198              		.section	.text.GPIO_init_led_pb7_blue,"ax",%progbits
 199              		.align	1
 200              		.global	GPIO_init_led_pb7_blue
 201              		.syntax unified
 202              		.thumb
 203              		.thumb_func
 205              	GPIO_init_led_pb7_blue:
 206              	.LFB133:
  47:Core/Src/init.c **** 
  48:Core/Src/init.c **** void GPIO_init_led_pb7_blue (void)
  49:Core/Src/init.c **** {
 207              		.loc 1 49 1 is_stmt 1 view -0
 208              		.cfi_startproc
 209              		@ args = 0, pretend = 0, frame = 0
 210              		@ frame_needed = 0, uses_anonymous_args = 0
 211              		@ link register save eliminated.
  50:Core/Src/init.c **** *(uint32_t *)(0x40023800UL + 0x30UL) |= 0x02UL;
 212              		.loc 1 50 1 view .LVU37
 213 0000 0F4A     		ldr	r2, .L9
 214 0002 D2F83038 		ldr	r3, [r2, #2096]
 215              		.loc 1 50 38 is_stmt 0 view .LVU38
 216 0006 43F00201 		orr	r1, r3, #2
 217 000a C2F83018 		str	r1, [r2, #2096]
  51:Core/Src/init.c **** *(uint32_t *)(0x40023800UL + 0x30UL) |= 0x06UL;
 218              		.loc 1 51 1 is_stmt 1 view .LVU39
 219              		.loc 1 51 38 is_stmt 0 view .LVU40
 220 000e 43F00603 		orr	r3, r3, #6
 221 0012 C2F83038 		str	r3, [r2, #2096]
  52:Core/Src/init.c **** *(uint32_t *)(0x40020400UL + 0x00UL) |= 0x4000UL;
 222              		.loc 1 52 1 is_stmt 1 view .LVU41
 223 0016 0B4B     		ldr	r3, .L9+4
 224 0018 D3F80024 		ldr	r2, [r3, #1024]
 225              		.loc 1 52 38 is_stmt 0 view .LVU42
 226 001c 42F48042 		orr	r2, r2, #16384
 227 0020 C3F80024 		str	r2, [r3, #1024]
  53:Core/Src/init.c **** *(uint32_t *)(0x40020400UL + 0x04UL) |= 0x00UL;
 228              		.loc 1 53 1 is_stmt 1 view .LVU43
  54:Core/Src/init.c **** *(uint32_t *)(0x40020400UL + 0x08UL) |= 0x4000UL;
 229              		.loc 1 54 1 view .LVU44
 230 0024 D3F80824 		ldr	r2, [r3, #1032]
 231              		.loc 1 54 38 is_stmt 0 view .LVU45
 232 0028 42F48042 		orr	r2, r2, #16384
 233 002c C3F80824 		str	r2, [r3, #1032]
  55:Core/Src/init.c **** *(uint32_t *)(0x40020400UL + 0x18UL) |= 0x800000UL;
 234              		.loc 1 55 1 is_stmt 1 view .LVU46
 235 0030 D3F81824 		ldr	r2, [r3, #1048]
 236              		.loc 1 55 38 is_stmt 0 view .LVU47
 237 0034 42F40002 		orr	r2, r2, #8388608
ARM GAS  C:\Users\SIMONM~1\AppData\Local\Temp\ccsYZAWk.s 			page 6


 238 0038 C3F81824 		str	r2, [r3, #1048]
  56:Core/Src/init.c **** }
 239              		.loc 1 56 1 view .LVU48
 240 003c 7047     		bx	lr
 241              	.L10:
 242 003e 00BF     		.align	2
 243              	.L9:
 244 0040 00300240 		.word	1073885184
 245 0044 00000240 		.word	1073872896
 246              		.cfi_endproc
 247              	.LFE133:
 249              		.section	.text.GPIO_init_led_pb14_red,"ax",%progbits
 250              		.align	1
 251              		.global	GPIO_init_led_pb14_red
 252              		.syntax unified
 253              		.thumb
 254              		.thumb_func
 256              	GPIO_init_led_pb14_red:
 257              	.LFB134:
  57:Core/Src/init.c **** void GPIO_init_led_pb14_red (void)
  58:Core/Src/init.c **** {
 258              		.loc 1 58 1 is_stmt 1 view -0
 259              		.cfi_startproc
 260              		@ args = 0, pretend = 0, frame = 0
 261              		@ frame_needed = 0, uses_anonymous_args = 0
 262              		@ link register save eliminated.
  59:Core/Src/init.c ****     RCC_AHB1ENR |= RCC_GPIOB_EN | RCC_GPIOC_EN;
 263              		.loc 1 59 5 view .LVU50
 264 0000 0D4A     		ldr	r2, .L12
 265 0002 D2F83038 		ldr	r3, [r2, #2096]
 266              		.loc 1 59 17 is_stmt 0 view .LVU51
 267 0006 43F00603 		orr	r3, r3, #6
 268 000a C2F83038 		str	r3, [r2, #2096]
  60:Core/Src/init.c ****     BIT_SET(GPIOB_MODER, GPIO_PIN_OUT_14);
 269              		.loc 1 60 5 is_stmt 1 view .LVU52
 270 000e 0B4B     		ldr	r3, .L12+4
 271 0010 D3F80024 		ldr	r2, [r3, #1024]
 272 0014 42F08052 		orr	r2, r2, #268435456
 273 0018 C3F80024 		str	r2, [r3, #1024]
  61:Core/Src/init.c ****     BIT_SET(GPIOB_OTYPER, GPIO_OFF);
 274              		.loc 1 61 5 view .LVU53
  62:Core/Src/init.c ****     BIT_SET(GPIOB_OSPEEDR, GPIO_PIN_MED_14);
 275              		.loc 1 62 5 view .LVU54
 276 001c D3F80824 		ldr	r2, [r3, #1032]
 277 0020 42F08052 		orr	r2, r2, #268435456
 278 0024 C3F80824 		str	r2, [r3, #1032]
  63:Core/Src/init.c ****     BIT_SET(GPIOB_BSRR, GPIO_PIN_RESET_14);
 279              		.loc 1 63 5 view .LVU55
 280 0028 D3F81824 		ldr	r2, [r3, #1048]
 281 002c 42F08042 		orr	r2, r2, #1073741824
 282 0030 C3F81824 		str	r2, [r3, #1048]
  64:Core/Src/init.c **** }
 283              		.loc 1 64 1 is_stmt 0 view .LVU56
 284 0034 7047     		bx	lr
 285              	.L13:
 286 0036 00BF     		.align	2
 287              	.L12:
ARM GAS  C:\Users\SIMONM~1\AppData\Local\Temp\ccsYZAWk.s 			page 7


 288 0038 00300240 		.word	1073885184
 289 003c 00000240 		.word	1073872896
 290              		.cfi_endproc
 291              	.LFE134:
 293              		.section	.text.GPIO_init_led_pb0_green,"ax",%progbits
 294              		.align	1
 295              		.global	GPIO_init_led_pb0_green
 296              		.syntax unified
 297              		.thumb
 298              		.thumb_func
 300              	GPIO_init_led_pb0_green:
 301              	.LFB135:
  65:Core/Src/init.c **** void GPIO_init_led_pb0_green (void)
  66:Core/Src/init.c **** {
 302              		.loc 1 66 1 is_stmt 1 view -0
 303              		.cfi_startproc
 304              		@ args = 0, pretend = 0, frame = 0
 305              		@ frame_needed = 0, uses_anonymous_args = 0
 306              		@ link register save eliminated.
  67:Core/Src/init.c **** //    SET_BIT(RCC->AHB1ENR, RCC_AHB1ENR_GPIOBEN | RCC_AHB1ENR_GPIOCEN);
  68:Core/Src/init.c **** //    SET_BIT(GPIOB->MODER, GPIO_MODER_MODE0_0);
  69:Core/Src/init.c **** //    CLEAR_BIT(GPIOB->OTYPER,GPIO_OTYPER_OT_0);
  70:Core/Src/init.c **** //    SET_BIT(GPIOB->OSPEEDR, GPIO_OSPEEDER_OSPEEDR0_0);
  71:Core/Src/init.c **** //    SET_BIT(GPIOB->BSRR, GPIO_BSRR_BR0);
  72:Core/Src/init.c **** 
  73:Core/Src/init.c ****    MODIFY_REG(GPIOB->MODER, GPIO_MODER_MODE0, (0x1u << GPIO_MODER_MODE0_Pos));
 307              		.loc 1 73 4 view .LVU58
 308 0000 0C4B     		ldr	r3, .L15
 309 0002 1A68     		ldr	r2, [r3]
 310 0004 22F00302 		bic	r2, r2, #3
 311 0008 42F00102 		orr	r2, r2, #1
 312 000c 1A60     		str	r2, [r3]
  74:Core/Src/init.c ****     CLEAR_BIT(GPIOB->OTYPER, GPIO_OTYPER_OT_0);
 313              		.loc 1 74 5 view .LVU59
 314 000e 5A68     		ldr	r2, [r3, #4]
 315 0010 22F00102 		bic	r2, r2, #1
 316 0014 5A60     		str	r2, [r3, #4]
  75:Core/Src/init.c ****     MODIFY_REG(GPIOB->OSPEEDR, GPIO_OSPEEDR_OSPEED0, (0x1u << GPIO_OSPEEDR_OSPEED0_Pos));
 317              		.loc 1 75 5 view .LVU60
 318 0016 9A68     		ldr	r2, [r3, #8]
 319 0018 22F00302 		bic	r2, r2, #3
 320 001c 42F00102 		orr	r2, r2, #1
 321 0020 9A60     		str	r2, [r3, #8]
  76:Core/Src/init.c ****     CLEAR_BIT(GPIOB->BSRR, GPIO_BSRR_BR0);
 322              		.loc 1 76 5 view .LVU61
 323 0022 9A69     		ldr	r2, [r3, #24]
 324 0024 22F48032 		bic	r2, r2, #65536
 325 0028 9A61     		str	r2, [r3, #24]
  77:Core/Src/init.c ****     MODIFY_REG(GPIOB->PUPDR, GPIO_PUPDR_PUPD0, (0x0u << GPIO_PUPDR_PUPD0_Pos));
 326              		.loc 1 77 5 view .LVU62
 327 002a DA68     		ldr	r2, [r3, #12]
 328 002c 22F00302 		bic	r2, r2, #3
 329 0030 DA60     		str	r2, [r3, #12]
  78:Core/Src/init.c **** }
 330              		.loc 1 78 1 is_stmt 0 view .LVU63
 331 0032 7047     		bx	lr
 332              	.L16:
ARM GAS  C:\Users\SIMONM~1\AppData\Local\Temp\ccsYZAWk.s 			page 8


 333              		.align	2
 334              	.L15:
 335 0034 00040240 		.word	1073873920
 336              		.cfi_endproc
 337              	.LFE135:
 339              		.text
 340              	.Letext0:
 341              		.file 2 "C:/Tools/SysGCC/arm-none-eabi/include/machine/_default_types.h"
 342              		.file 3 "C:/Tools/SysGCC/arm-none-eabi/include/sys/_stdint.h"
 343              		.file 4 "Core/Inc/../../CMSIS/Devices/STM32F4xx/Inc/STM32F429ZI/stm32f429xx.h"
ARM GAS  C:\Users\SIMONM~1\AppData\Local\Temp\ccsYZAWk.s 			page 9


DEFINED SYMBOLS
                            *ABS*:00000000 init.c
C:\Users\SIMONM~1\AppData\Local\Temp\ccsYZAWk.s:21     .text.GPIO_init__Memory:00000000 $t
C:\Users\SIMONM~1\AppData\Local\Temp\ccsYZAWk.s:27     .text.GPIO_init__Memory:00000000 GPIO_init__Memory
C:\Users\SIMONM~1\AppData\Local\Temp\ccsYZAWk.s:40     .text.Led_init:00000000 $t
C:\Users\SIMONM~1\AppData\Local\Temp\ccsYZAWk.s:46     .text.Led_init:00000000 Led_init
C:\Users\SIMONM~1\AppData\Local\Temp\ccsYZAWk.s:138    .text.Led_init:000000bc $d
C:\Users\SIMONM~1\AppData\Local\Temp\ccsYZAWk.s:144    .text.Buttons_Init:00000000 $t
C:\Users\SIMONM~1\AppData\Local\Temp\ccsYZAWk.s:150    .text.Buttons_Init:00000000 Buttons_Init
C:\Users\SIMONM~1\AppData\Local\Temp\ccsYZAWk.s:193    .text.Buttons_Init:00000044 $d
C:\Users\SIMONM~1\AppData\Local\Temp\ccsYZAWk.s:199    .text.GPIO_init_led_pb7_blue:00000000 $t
C:\Users\SIMONM~1\AppData\Local\Temp\ccsYZAWk.s:205    .text.GPIO_init_led_pb7_blue:00000000 GPIO_init_led_pb7_blue
C:\Users\SIMONM~1\AppData\Local\Temp\ccsYZAWk.s:244    .text.GPIO_init_led_pb7_blue:00000040 $d
C:\Users\SIMONM~1\AppData\Local\Temp\ccsYZAWk.s:250    .text.GPIO_init_led_pb14_red:00000000 $t
C:\Users\SIMONM~1\AppData\Local\Temp\ccsYZAWk.s:256    .text.GPIO_init_led_pb14_red:00000000 GPIO_init_led_pb14_red
C:\Users\SIMONM~1\AppData\Local\Temp\ccsYZAWk.s:288    .text.GPIO_init_led_pb14_red:00000038 $d
C:\Users\SIMONM~1\AppData\Local\Temp\ccsYZAWk.s:294    .text.GPIO_init_led_pb0_green:00000000 $t
C:\Users\SIMONM~1\AppData\Local\Temp\ccsYZAWk.s:300    .text.GPIO_init_led_pb0_green:00000000 GPIO_init_led_pb0_green
C:\Users\SIMONM~1\AppData\Local\Temp\ccsYZAWk.s:335    .text.GPIO_init_led_pb0_green:00000034 $d

NO UNDEFINED SYMBOLS
