Archive member included to satisfy reference by file (symbol)

C:/Tools/SysGCC/bin/../lib/gcc/arm-none-eabi/14.2.1/thumb/v7e-m+fp/hard\libc_nano.a(libc_a-exit.o)
                              C:/Tools/SysGCC/bin/../lib/gcc/arm-none-eabi/14.2.1/thumb/v7e-m+fp/hard/crt0.o (exit)
C:/Tools/SysGCC/bin/../lib/gcc/arm-none-eabi/14.2.1/thumb/v7e-m+fp/hard\libc_nano.a(libc_a-findfp.o)
                              C:/Tools/SysGCC/bin/../lib/gcc/arm-none-eabi/14.2.1/thumb/v7e-m+fp/hard\libc_nano.a(libc_a-exit.o) (__stdio_exit_handler)
C:/Tools/SysGCC/bin/../lib/gcc/arm-none-eabi/14.2.1/thumb/v7e-m+fp/hard\libc_nano.a(libc_a-fwalk.o)
                              C:/Tools/SysGCC/bin/../lib/gcc/arm-none-eabi/14.2.1/thumb/v7e-m+fp/hard\libc_nano.a(libc_a-findfp.o) (_fwalk_sglue)
C:/Tools/SysGCC/bin/../lib/gcc/arm-none-eabi/14.2.1/thumb/v7e-m+fp/hard\libc_nano.a(libc_a-stdio.o)
                              C:/Tools/SysGCC/bin/../lib/gcc/arm-none-eabi/14.2.1/thumb/v7e-m+fp/hard\libc_nano.a(libc_a-findfp.o) (__sread)
C:/Tools/SysGCC/bin/../lib/gcc/arm-none-eabi/14.2.1/thumb/v7e-m+fp/hard\libc_nano.a(libc_a-memset.o)
                              C:/Tools/SysGCC/bin/../lib/gcc/arm-none-eabi/14.2.1/thumb/v7e-m+fp/hard/crt0.o (memset)
C:/Tools/SysGCC/bin/../lib/gcc/arm-none-eabi/14.2.1/thumb/v7e-m+fp/hard\libc_nano.a(libc_a-closer.o)
                              C:/Tools/SysGCC/bin/../lib/gcc/arm-none-eabi/14.2.1/thumb/v7e-m+fp/hard\libc_nano.a(libc_a-stdio.o) (_close_r)
C:/Tools/SysGCC/bin/../lib/gcc/arm-none-eabi/14.2.1/thumb/v7e-m+fp/hard\libc_nano.a(libc_a-reent.o)
                              C:/Tools/SysGCC/bin/../lib/gcc/arm-none-eabi/14.2.1/thumb/v7e-m+fp/hard\libc_nano.a(libc_a-closer.o) (errno)
C:/Tools/SysGCC/bin/../lib/gcc/arm-none-eabi/14.2.1/thumb/v7e-m+fp/hard\libc_nano.a(libc_a-impure.o)
                              C:/Tools/SysGCC/bin/../lib/gcc/arm-none-eabi/14.2.1/thumb/v7e-m+fp/hard\libc_nano.a(libc_a-reent.o) (_impure_ptr)
C:/Tools/SysGCC/bin/../lib/gcc/arm-none-eabi/14.2.1/thumb/v7e-m+fp/hard\libc_nano.a(libc_a-lseekr.o)
                              C:/Tools/SysGCC/bin/../lib/gcc/arm-none-eabi/14.2.1/thumb/v7e-m+fp/hard\libc_nano.a(libc_a-stdio.o) (_lseek_r)
C:/Tools/SysGCC/bin/../lib/gcc/arm-none-eabi/14.2.1/thumb/v7e-m+fp/hard\libc_nano.a(libc_a-readr.o)
                              C:/Tools/SysGCC/bin/../lib/gcc/arm-none-eabi/14.2.1/thumb/v7e-m+fp/hard\libc_nano.a(libc_a-stdio.o) (_read_r)
C:/Tools/SysGCC/bin/../lib/gcc/arm-none-eabi/14.2.1/thumb/v7e-m+fp/hard\libc_nano.a(libc_a-writer.o)
                              C:/Tools/SysGCC/bin/../lib/gcc/arm-none-eabi/14.2.1/thumb/v7e-m+fp/hard\libc_nano.a(libc_a-stdio.o) (_write_r)
C:/Tools/SysGCC/bin/../lib/gcc/arm-none-eabi/14.2.1/thumb/v7e-m+fp/hard\libc_nano.a(libc_a-errno.o)
                              Build/syscalls.o (__errno)
C:/Tools/SysGCC/bin/../lib/gcc/arm-none-eabi/14.2.1/thumb/v7e-m+fp/hard\libc_nano.a(libc_a-init.o)
                              C:/Tools/SysGCC/bin/../lib/gcc/arm-none-eabi/14.2.1/thumb/v7e-m+fp/hard/crt0.o (__libc_init_array)
C:/Tools/SysGCC/bin/../lib/gcc/arm-none-eabi/14.2.1/thumb/v7e-m+fp/hard\libc_nano.a(libc_a-lock.o)
                              C:/Tools/SysGCC/bin/../lib/gcc/arm-none-eabi/14.2.1/thumb/v7e-m+fp/hard\libc_nano.a(libc_a-findfp.o) (__retarget_lock_init_recursive)
C:/Tools/SysGCC/bin/../lib/gcc/arm-none-eabi/14.2.1/thumb/v7e-m+fp/hard\libc_nano.a(libc_a-freer.o)
                              C:/Tools/SysGCC/bin/../lib/gcc/arm-none-eabi/14.2.1/thumb/v7e-m+fp/hard\libc_nano.a(libc_a-reent.o) (_free_r)
C:/Tools/SysGCC/bin/../lib/gcc/arm-none-eabi/14.2.1/thumb/v7e-m+fp/hard\libc_nano.a(libc_a-mallocr.o)
                              C:/Tools/SysGCC/bin/../lib/gcc/arm-none-eabi/14.2.1/thumb/v7e-m+fp/hard\libc_nano.a(libc_a-findfp.o) (_malloc_r)
C:/Tools/SysGCC/bin/../lib/gcc/arm-none-eabi/14.2.1/thumb/v7e-m+fp/hard\libc_nano.a(libc_a-mlock.o)
                              C:/Tools/SysGCC/bin/../lib/gcc/arm-none-eabi/14.2.1/thumb/v7e-m+fp/hard\libc_nano.a(libc_a-freer.o) (__malloc_lock)
C:/Tools/SysGCC/bin/../lib/gcc/arm-none-eabi/14.2.1/thumb/v7e-m+fp/hard\libc_nano.a(libc_a-fflush.o)
                              C:/Tools/SysGCC/bin/../lib/gcc/arm-none-eabi/14.2.1/thumb/v7e-m+fp/hard\libc_nano.a(libc_a-findfp.o) (_fflush_r)
C:/Tools/SysGCC/bin/../lib/gcc/arm-none-eabi/14.2.1/thumb/v7e-m+fp/hard\libc_nano.a(libc_a-sbrkr.o)
                              C:/Tools/SysGCC/bin/../lib/gcc/arm-none-eabi/14.2.1/thumb/v7e-m+fp/hard\libc_nano.a(libc_a-mallocr.o) (_sbrk_r)

Discarded input sections

 .text          0x00000000        0x0 C:/Tools/SysGCC/bin/../lib/gcc/arm-none-eabi/14.2.1/thumb/v7e-m+fp/hard/crti.o
 .data          0x00000000        0x0 C:/Tools/SysGCC/bin/../lib/gcc/arm-none-eabi/14.2.1/thumb/v7e-m+fp/hard/crti.o
 .bss           0x00000000        0x0 C:/Tools/SysGCC/bin/../lib/gcc/arm-none-eabi/14.2.1/thumb/v7e-m+fp/hard/crti.o
 .text          0x00000000        0x0 C:/Tools/SysGCC/bin/../lib/gcc/arm-none-eabi/14.2.1/thumb/v7e-m+fp/hard/crtbegin.o
 .data          0x00000000        0x0 C:/Tools/SysGCC/bin/../lib/gcc/arm-none-eabi/14.2.1/thumb/v7e-m+fp/hard/crtbegin.o
 .bss           0x00000000        0x0 C:/Tools/SysGCC/bin/../lib/gcc/arm-none-eabi/14.2.1/thumb/v7e-m+fp/hard/crtbegin.o
 .rodata.all_implied_fbits
                0x00000000       0x24 C:/Tools/SysGCC/bin/../lib/gcc/arm-none-eabi/14.2.1/thumb/v7e-m+fp/hard/crtbegin.o
 .data.__dso_handle
                0x00000000        0x4 C:/Tools/SysGCC/bin/../lib/gcc/arm-none-eabi/14.2.1/thumb/v7e-m+fp/hard/crtbegin.o
 .text          0x00000000       0x7c C:/Tools/SysGCC/bin/../lib/gcc/arm-none-eabi/14.2.1/thumb/v7e-m+fp/hard/crt0.o
 .data          0x00000000        0x0 C:/Tools/SysGCC/bin/../lib/gcc/arm-none-eabi/14.2.1/thumb/v7e-m+fp/hard/crt0.o
 .bss           0x00000000        0x0 C:/Tools/SysGCC/bin/../lib/gcc/arm-none-eabi/14.2.1/thumb/v7e-m+fp/hard/crt0.o
 .ARM.extab     0x00000000        0x0 C:/Tools/SysGCC/bin/../lib/gcc/arm-none-eabi/14.2.1/thumb/v7e-m+fp/hard/crt0.o
 .ARM.exidx     0x00000000       0x10 C:/Tools/SysGCC/bin/../lib/gcc/arm-none-eabi/14.2.1/thumb/v7e-m+fp/hard/crt0.o
 .debug_line_str
                0x00000000       0xd6 C:/Tools/SysGCC/bin/../lib/gcc/arm-none-eabi/14.2.1/thumb/v7e-m+fp/hard/crt0.o
 .ARM.attributes
                0x00000000       0x20 C:/Tools/SysGCC/bin/../lib/gcc/arm-none-eabi/14.2.1/thumb/v7e-m+fp/hard/crt0.o
 .text          0x00000000        0x0 Build/system_stm32f4xx.o
 .data          0x00000000        0x0 Build/system_stm32f4xx.o
 .bss           0x00000000        0x0 Build/system_stm32f4xx.o
 .text.SystemCoreClockUpdate
                0x00000000       0xa0 Build/system_stm32f4xx.o
 .rodata.APBPrescTable
                0x00000000        0x8 Build/system_stm32f4xx.o
 .rodata.AHBPrescTable
                0x00000000       0x10 Build/system_stm32f4xx.o
 .data.SystemCoreClock
                0x00000000        0x4 Build/system_stm32f4xx.o
 .text          0x00000000        0x0 Build/syscalls.o
 .data          0x00000000        0x0 Build/syscalls.o
 .bss           0x00000000        0x0 Build/syscalls.o
 .text.initialise_monitor_handles
                0x00000000        0x2 Build/syscalls.o
 .text._getpid  0x00000000        0x4 Build/syscalls.o
 .text._kill    0x00000000       0x10 Build/syscalls.o
 .text._exit    0x00000000        0xc Build/syscalls.o
 .text._read    0x00000000       0x20 Build/syscalls.o
 .text._write   0x00000000       0x1c Build/syscalls.o
 .text._close   0x00000000        0x6 Build/syscalls.o
 .text._fstat   0x00000000        0xa Build/syscalls.o
 .text._isatty  0x00000000        0x4 Build/syscalls.o
 .text._lseek   0x00000000        0x4 Build/syscalls.o
 .text._open    0x00000000        0xa Build/syscalls.o
 .text._wait    0x00000000       0x10 Build/syscalls.o
 .text._unlink  0x00000000       0x10 Build/syscalls.o
 .text._times   0x00000000        0x6 Build/syscalls.o
 .text._stat    0x00000000        0xa Build/syscalls.o
 .text._link    0x00000000       0x10 Build/syscalls.o
 .text._fork    0x00000000       0x10 Build/syscalls.o
 .text._execve  0x00000000       0x10 Build/syscalls.o
 .data.environ  0x00000000        0x4 Build/syscalls.o
 .bss.__env     0x00000000        0x4 Build/syscalls.o
 .debug_info    0x00000000      0x848 Build/syscalls.o
 .debug_abbrev  0x00000000      0x1e3 Build/syscalls.o
 .debug_loc     0x00000000      0x583 Build/syscalls.o
 .debug_aranges
                0x00000000       0xa8 Build/syscalls.o
 .debug_ranges  0x00000000       0x98 Build/syscalls.o
 .debug_line    0x00000000      0x39f Build/syscalls.o
 .debug_str     0x00000000      0x406 Build/syscalls.o
 .comment       0x00000000       0x46 Build/syscalls.o
 .debug_frame   0x00000000      0x190 Build/syscalls.o
 .ARM.attributes
                0x00000000       0x34 Build/syscalls.o
 .text          0x00000000        0x0 Build/sysmem.o
 .data          0x00000000        0x0 Build/sysmem.o
 .bss           0x00000000        0x0 Build/sysmem.o
 .text._sbrk    0x00000000       0x48 Build/sysmem.o
 .bss.__sbrk_heap_end
                0x00000000        0x4 Build/sysmem.o
 .debug_info    0x00000000      0x18c Build/sysmem.o
 .debug_abbrev  0x00000000       0xeb Build/sysmem.o
 .debug_loc     0x00000000       0x90 Build/sysmem.o
 .debug_aranges
                0x00000000       0x20 Build/sysmem.o
 .debug_ranges  0x00000000       0x10 Build/sysmem.o
 .debug_line    0x00000000      0x166 Build/sysmem.o
 .debug_str     0x00000000      0x232 Build/sysmem.o
 .comment       0x00000000       0x46 Build/sysmem.o
 .debug_frame   0x00000000       0x28 Build/sysmem.o
 .ARM.attributes
                0x00000000       0x34 Build/sysmem.o
 .text          0x00000000        0x0 Build/main.o
 .data          0x00000000        0x0 Build/main.o
 .bss           0x00000000        0x0 Build/main.o
 .bss.brightness
                0x00000000        0x2 Build/main.o
 .bss.position  0x00000000        0x4 Build/main.o
 .bss.brightnes
                0x00000000        0x2 Build/main.o
 .bss.duty      0x00000000        0x4 Build/main.o
 .bss.enc       0x00000000        0x4 Build/main.o
 .text          0x00000000        0x0 Build/init.o
 .data          0x00000000        0x0 Build/init.o
 .bss           0x00000000        0x0 Build/init.o
 .text.read_POT1
                0x00000000       0x28 Build/init.o
 .text.read_POT2
                0x00000000       0x2c Build/init.o
 .text.read_POT3
                0x00000000       0x20 Build/init.o
 .text          0x00000000        0x0 Build/it_handlers.o
 .data          0x00000000        0x0 Build/it_handlers.o
 .bss           0x00000000        0x0 Build/it_handlers.o
 .text          0x00000000       0x14 Build/startup_stm32f429xx.o
 .data          0x00000000        0x0 Build/startup_stm32f429xx.o
 .bss           0x00000000        0x0 Build/startup_stm32f429xx.o
 .text          0x00000000        0x0 C:/Tools/SysGCC/bin/../lib/gcc/arm-none-eabi/14.2.1/thumb/v7e-m+fp/hard\libc_nano.a(libc_a-exit.o)
 .data          0x00000000        0x0 C:/Tools/SysGCC/bin/../lib/gcc/arm-none-eabi/14.2.1/thumb/v7e-m+fp/hard\libc_nano.a(libc_a-exit.o)
 .bss           0x00000000        0x0 C:/Tools/SysGCC/bin/../lib/gcc/arm-none-eabi/14.2.1/thumb/v7e-m+fp/hard\libc_nano.a(libc_a-exit.o)
 .text.exit     0x00000000       0x24 C:/Tools/SysGCC/bin/../lib/gcc/arm-none-eabi/14.2.1/thumb/v7e-m+fp/hard\libc_nano.a(libc_a-exit.o)
 .debug_frame   0x00000000       0x28 C:/Tools/SysGCC/bin/../lib/gcc/arm-none-eabi/14.2.1/thumb/v7e-m+fp/hard\libc_nano.a(libc_a-exit.o)
 .ARM.attributes
                0x00000000       0x34 C:/Tools/SysGCC/bin/../lib/gcc/arm-none-eabi/14.2.1/thumb/v7e-m+fp/hard\libc_nano.a(libc_a-exit.o)
 .text          0x00000000        0x0 C:/Tools/SysGCC/bin/../lib/gcc/arm-none-eabi/14.2.1/thumb/v7e-m+fp/hard\libc_nano.a(libc_a-findfp.o)
 .data          0x00000000        0x0 C:/Tools/SysGCC/bin/../lib/gcc/arm-none-eabi/14.2.1/thumb/v7e-m+fp/hard\libc_nano.a(libc_a-findfp.o)
 .bss           0x00000000        0x0 C:/Tools/SysGCC/bin/../lib/gcc/arm-none-eabi/14.2.1/thumb/v7e-m+fp/hard\libc_nano.a(libc_a-findfp.o)
 .text.std      0x00000000       0x6c C:/Tools/SysGCC/bin/../lib/gcc/arm-none-eabi/14.2.1/thumb/v7e-m+fp/hard\libc_nano.a(libc_a-findfp.o)
 .text.stdio_exit_handler
                0x00000000       0x18 C:/Tools/SysGCC/bin/../lib/gcc/arm-none-eabi/14.2.1/thumb/v7e-m+fp/hard\libc_nano.a(libc_a-findfp.o)
 .text.cleanup_stdio
                0x00000000       0x40 C:/Tools/SysGCC/bin/../lib/gcc/arm-none-eabi/14.2.1/thumb/v7e-m+fp/hard\libc_nano.a(libc_a-findfp.o)
 .text.__fp_lock
                0x00000000       0x18 C:/Tools/SysGCC/bin/../lib/gcc/arm-none-eabi/14.2.1/thumb/v7e-m+fp/hard\libc_nano.a(libc_a-findfp.o)
 .text.__fp_unlock
                0x00000000       0x18 C:/Tools/SysGCC/bin/../lib/gcc/arm-none-eabi/14.2.1/thumb/v7e-m+fp/hard\libc_nano.a(libc_a-findfp.o)
 .text.global_stdio_init.part.0
                0x00000000       0x40 C:/Tools/SysGCC/bin/../lib/gcc/arm-none-eabi/14.2.1/thumb/v7e-m+fp/hard\libc_nano.a(libc_a-findfp.o)
 .text.__sfp_lock_acquire
                0x00000000        0xc C:/Tools/SysGCC/bin/../lib/gcc/arm-none-eabi/14.2.1/thumb/v7e-m+fp/hard\libc_nano.a(libc_a-findfp.o)
 .text.__sfp_lock_release
                0x00000000        0xc C:/Tools/SysGCC/bin/../lib/gcc/arm-none-eabi/14.2.1/thumb/v7e-m+fp/hard\libc_nano.a(libc_a-findfp.o)
 .text.__sfp    0x00000000       0xa4 C:/Tools/SysGCC/bin/../lib/gcc/arm-none-eabi/14.2.1/thumb/v7e-m+fp/hard\libc_nano.a(libc_a-findfp.o)
 .text.__sinit  0x00000000       0x30 C:/Tools/SysGCC/bin/../lib/gcc/arm-none-eabi/14.2.1/thumb/v7e-m+fp/hard\libc_nano.a(libc_a-findfp.o)
 .text.__fp_lock_all
                0x00000000       0x1c C:/Tools/SysGCC/bin/../lib/gcc/arm-none-eabi/14.2.1/thumb/v7e-m+fp/hard\libc_nano.a(libc_a-findfp.o)
 .text.__fp_unlock_all
                0x00000000       0x1c C:/Tools/SysGCC/bin/../lib/gcc/arm-none-eabi/14.2.1/thumb/v7e-m+fp/hard\libc_nano.a(libc_a-findfp.o)
 .data.__sglue  0x00000000        0xc C:/Tools/SysGCC/bin/../lib/gcc/arm-none-eabi/14.2.1/thumb/v7e-m+fp/hard\libc_nano.a(libc_a-findfp.o)
 .bss.__sf      0x00000000      0x138 C:/Tools/SysGCC/bin/../lib/gcc/arm-none-eabi/14.2.1/thumb/v7e-m+fp/hard\libc_nano.a(libc_a-findfp.o)
 .bss.__stdio_exit_handler
                0x00000000        0x4 C:/Tools/SysGCC/bin/../lib/gcc/arm-none-eabi/14.2.1/thumb/v7e-m+fp/hard\libc_nano.a(libc_a-findfp.o)
 .debug_frame   0x00000000      0x144 C:/Tools/SysGCC/bin/../lib/gcc/arm-none-eabi/14.2.1/thumb/v7e-m+fp/hard\libc_nano.a(libc_a-findfp.o)
 .ARM.attributes
                0x00000000       0x34 C:/Tools/SysGCC/bin/../lib/gcc/arm-none-eabi/14.2.1/thumb/v7e-m+fp/hard\libc_nano.a(libc_a-findfp.o)
 .text          0x00000000        0x0 C:/Tools/SysGCC/bin/../lib/gcc/arm-none-eabi/14.2.1/thumb/v7e-m+fp/hard\libc_nano.a(libc_a-fwalk.o)
 .data          0x00000000        0x0 C:/Tools/SysGCC/bin/../lib/gcc/arm-none-eabi/14.2.1/thumb/v7e-m+fp/hard\libc_nano.a(libc_a-fwalk.o)
 .bss           0x00000000        0x0 C:/Tools/SysGCC/bin/../lib/gcc/arm-none-eabi/14.2.1/thumb/v7e-m+fp/hard\libc_nano.a(libc_a-fwalk.o)
 .text._fwalk_sglue
                0x00000000       0x3c C:/Tools/SysGCC/bin/../lib/gcc/arm-none-eabi/14.2.1/thumb/v7e-m+fp/hard\libc_nano.a(libc_a-fwalk.o)
 .debug_frame   0x00000000       0x34 C:/Tools/SysGCC/bin/../lib/gcc/arm-none-eabi/14.2.1/thumb/v7e-m+fp/hard\libc_nano.a(libc_a-fwalk.o)
 .ARM.attributes
                0x00000000       0x34 C:/Tools/SysGCC/bin/../lib/gcc/arm-none-eabi/14.2.1/thumb/v7e-m+fp/hard\libc_nano.a(libc_a-fwalk.o)
 .text          0x00000000        0x0 C:/Tools/SysGCC/bin/../lib/gcc/arm-none-eabi/14.2.1/thumb/v7e-m+fp/hard\libc_nano.a(libc_a-stdio.o)
 .data          0x00000000        0x0 C:/Tools/SysGCC/bin/../lib/gcc/arm-none-eabi/14.2.1/thumb/v7e-m+fp/hard\libc_nano.a(libc_a-stdio.o)
 .bss           0x00000000        0x0 C:/Tools/SysGCC/bin/../lib/gcc/arm-none-eabi/14.2.1/thumb/v7e-m+fp/hard\libc_nano.a(libc_a-stdio.o)
 .text.__sread  0x00000000       0x22 C:/Tools/SysGCC/bin/../lib/gcc/arm-none-eabi/14.2.1/thumb/v7e-m+fp/hard\libc_nano.a(libc_a-stdio.o)
 .text.__seofread
                0x00000000        0x4 C:/Tools/SysGCC/bin/../lib/gcc/arm-none-eabi/14.2.1/thumb/v7e-m+fp/hard\libc_nano.a(libc_a-stdio.o)
 .text.__swrite
                0x00000000       0x38 C:/Tools/SysGCC/bin/../lib/gcc/arm-none-eabi/14.2.1/thumb/v7e-m+fp/hard\libc_nano.a(libc_a-stdio.o)
 .text.__sseek  0x00000000       0x26 C:/Tools/SysGCC/bin/../lib/gcc/arm-none-eabi/14.2.1/thumb/v7e-m+fp/hard\libc_nano.a(libc_a-stdio.o)
 .text.__sclose
                0x00000000        0x8 C:/Tools/SysGCC/bin/../lib/gcc/arm-none-eabi/14.2.1/thumb/v7e-m+fp/hard\libc_nano.a(libc_a-stdio.o)
 .debug_frame   0x00000000       0x88 C:/Tools/SysGCC/bin/../lib/gcc/arm-none-eabi/14.2.1/thumb/v7e-m+fp/hard\libc_nano.a(libc_a-stdio.o)
 .ARM.attributes
                0x00000000       0x34 C:/Tools/SysGCC/bin/../lib/gcc/arm-none-eabi/14.2.1/thumb/v7e-m+fp/hard\libc_nano.a(libc_a-stdio.o)
 .text          0x00000000        0x0 C:/Tools/SysGCC/bin/../lib/gcc/arm-none-eabi/14.2.1/thumb/v7e-m+fp/hard\libc_nano.a(libc_a-memset.o)
 .data          0x00000000        0x0 C:/Tools/SysGCC/bin/../lib/gcc/arm-none-eabi/14.2.1/thumb/v7e-m+fp/hard\libc_nano.a(libc_a-memset.o)
 .bss           0x00000000        0x0 C:/Tools/SysGCC/bin/../lib/gcc/arm-none-eabi/14.2.1/thumb/v7e-m+fp/hard\libc_nano.a(libc_a-memset.o)
 .text.memset   0x00000000       0x10 C:/Tools/SysGCC/bin/../lib/gcc/arm-none-eabi/14.2.1/thumb/v7e-m+fp/hard\libc_nano.a(libc_a-memset.o)
 .debug_frame   0x00000000       0x20 C:/Tools/SysGCC/bin/../lib/gcc/arm-none-eabi/14.2.1/thumb/v7e-m+fp/hard\libc_nano.a(libc_a-memset.o)
 .ARM.attributes
                0x00000000       0x34 C:/Tools/SysGCC/bin/../lib/gcc/arm-none-eabi/14.2.1/thumb/v7e-m+fp/hard\libc_nano.a(libc_a-memset.o)
 .text          0x00000000        0x0 C:/Tools/SysGCC/bin/../lib/gcc/arm-none-eabi/14.2.1/thumb/v7e-m+fp/hard\libc_nano.a(libc_a-closer.o)
 .data          0x00000000        0x0 C:/Tools/SysGCC/bin/../lib/gcc/arm-none-eabi/14.2.1/thumb/v7e-m+fp/hard\libc_nano.a(libc_a-closer.o)
 .bss           0x00000000        0x0 C:/Tools/SysGCC/bin/../lib/gcc/arm-none-eabi/14.2.1/thumb/v7e-m+fp/hard\libc_nano.a(libc_a-closer.o)
 .text._close_r
                0x00000000       0x20 C:/Tools/SysGCC/bin/../lib/gcc/arm-none-eabi/14.2.1/thumb/v7e-m+fp/hard\libc_nano.a(libc_a-closer.o)
 .debug_frame   0x00000000       0x2c C:/Tools/SysGCC/bin/../lib/gcc/arm-none-eabi/14.2.1/thumb/v7e-m+fp/hard\libc_nano.a(libc_a-closer.o)
 .ARM.attributes
                0x00000000       0x34 C:/Tools/SysGCC/bin/../lib/gcc/arm-none-eabi/14.2.1/thumb/v7e-m+fp/hard\libc_nano.a(libc_a-closer.o)
 .text          0x00000000        0x0 C:/Tools/SysGCC/bin/../lib/gcc/arm-none-eabi/14.2.1/thumb/v7e-m+fp/hard\libc_nano.a(libc_a-reent.o)
 .data          0x00000000        0x0 C:/Tools/SysGCC/bin/../lib/gcc/arm-none-eabi/14.2.1/thumb/v7e-m+fp/hard\libc_nano.a(libc_a-reent.o)
 .bss           0x00000000        0x0 C:/Tools/SysGCC/bin/../lib/gcc/arm-none-eabi/14.2.1/thumb/v7e-m+fp/hard\libc_nano.a(libc_a-reent.o)
 .text._reclaim_reent
                0x00000000       0xbc C:/Tools/SysGCC/bin/../lib/gcc/arm-none-eabi/14.2.1/thumb/v7e-m+fp/hard\libc_nano.a(libc_a-reent.o)
 .bss.errno     0x00000000        0x4 C:/Tools/SysGCC/bin/../lib/gcc/arm-none-eabi/14.2.1/thumb/v7e-m+fp/hard\libc_nano.a(libc_a-reent.o)
 .debug_frame   0x00000000       0x38 C:/Tools/SysGCC/bin/../lib/gcc/arm-none-eabi/14.2.1/thumb/v7e-m+fp/hard\libc_nano.a(libc_a-reent.o)
 .ARM.attributes
                0x00000000       0x34 C:/Tools/SysGCC/bin/../lib/gcc/arm-none-eabi/14.2.1/thumb/v7e-m+fp/hard\libc_nano.a(libc_a-reent.o)
 .text          0x00000000        0x0 C:/Tools/SysGCC/bin/../lib/gcc/arm-none-eabi/14.2.1/thumb/v7e-m+fp/hard\libc_nano.a(libc_a-impure.o)
 .data          0x00000000        0x0 C:/Tools/SysGCC/bin/../lib/gcc/arm-none-eabi/14.2.1/thumb/v7e-m+fp/hard\libc_nano.a(libc_a-impure.o)
 .bss           0x00000000        0x0 C:/Tools/SysGCC/bin/../lib/gcc/arm-none-eabi/14.2.1/thumb/v7e-m+fp/hard\libc_nano.a(libc_a-impure.o)
 .data._impure_ptr
                0x00000000        0x4 C:/Tools/SysGCC/bin/../lib/gcc/arm-none-eabi/14.2.1/thumb/v7e-m+fp/hard\libc_nano.a(libc_a-impure.o)
 .data._impure_data
                0x00000000       0x4c C:/Tools/SysGCC/bin/../lib/gcc/arm-none-eabi/14.2.1/thumb/v7e-m+fp/hard\libc_nano.a(libc_a-impure.o)
 .ARM.attributes
                0x00000000       0x34 C:/Tools/SysGCC/bin/../lib/gcc/arm-none-eabi/14.2.1/thumb/v7e-m+fp/hard\libc_nano.a(libc_a-impure.o)
 .text          0x00000000        0x0 C:/Tools/SysGCC/bin/../lib/gcc/arm-none-eabi/14.2.1/thumb/v7e-m+fp/hard\libc_nano.a(libc_a-lseekr.o)
 .data          0x00000000        0x0 C:/Tools/SysGCC/bin/../lib/gcc/arm-none-eabi/14.2.1/thumb/v7e-m+fp/hard\libc_nano.a(libc_a-lseekr.o)
 .bss           0x00000000        0x0 C:/Tools/SysGCC/bin/../lib/gcc/arm-none-eabi/14.2.1/thumb/v7e-m+fp/hard\libc_nano.a(libc_a-lseekr.o)
 .text._lseek_r
                0x00000000       0x24 C:/Tools/SysGCC/bin/../lib/gcc/arm-none-eabi/14.2.1/thumb/v7e-m+fp/hard\libc_nano.a(libc_a-lseekr.o)
 .debug_frame   0x00000000       0x2c C:/Tools/SysGCC/bin/../lib/gcc/arm-none-eabi/14.2.1/thumb/v7e-m+fp/hard\libc_nano.a(libc_a-lseekr.o)
 .ARM.attributes
                0x00000000       0x34 C:/Tools/SysGCC/bin/../lib/gcc/arm-none-eabi/14.2.1/thumb/v7e-m+fp/hard\libc_nano.a(libc_a-lseekr.o)
 .text          0x00000000        0x0 C:/Tools/SysGCC/bin/../lib/gcc/arm-none-eabi/14.2.1/thumb/v7e-m+fp/hard\libc_nano.a(libc_a-readr.o)
 .data          0x00000000        0x0 C:/Tools/SysGCC/bin/../lib/gcc/arm-none-eabi/14.2.1/thumb/v7e-m+fp/hard\libc_nano.a(libc_a-readr.o)
 .bss           0x00000000        0x0 C:/Tools/SysGCC/bin/../lib/gcc/arm-none-eabi/14.2.1/thumb/v7e-m+fp/hard\libc_nano.a(libc_a-readr.o)
 .text._read_r  0x00000000       0x24 C:/Tools/SysGCC/bin/../lib/gcc/arm-none-eabi/14.2.1/thumb/v7e-m+fp/hard\libc_nano.a(libc_a-readr.o)
 .debug_frame   0x00000000       0x2c C:/Tools/SysGCC/bin/../lib/gcc/arm-none-eabi/14.2.1/thumb/v7e-m+fp/hard\libc_nano.a(libc_a-readr.o)
 .ARM.attributes
                0x00000000       0x34 C:/Tools/SysGCC/bin/../lib/gcc/arm-none-eabi/14.2.1/thumb/v7e-m+fp/hard\libc_nano.a(libc_a-readr.o)
 .text          0x00000000        0x0 C:/Tools/SysGCC/bin/../lib/gcc/arm-none-eabi/14.2.1/thumb/v7e-m+fp/hard\libc_nano.a(libc_a-writer.o)
 .data          0x00000000        0x0 C:/Tools/SysGCC/bin/../lib/gcc/arm-none-eabi/14.2.1/thumb/v7e-m+fp/hard\libc_nano.a(libc_a-writer.o)
 .bss           0x00000000        0x0 C:/Tools/SysGCC/bin/../lib/gcc/arm-none-eabi/14.2.1/thumb/v7e-m+fp/hard\libc_nano.a(libc_a-writer.o)
 .text._write_r
                0x00000000       0x24 C:/Tools/SysGCC/bin/../lib/gcc/arm-none-eabi/14.2.1/thumb/v7e-m+fp/hard\libc_nano.a(libc_a-writer.o)
 .debug_frame   0x00000000       0x2c C:/Tools/SysGCC/bin/../lib/gcc/arm-none-eabi/14.2.1/thumb/v7e-m+fp/hard\libc_nano.a(libc_a-writer.o)
 .ARM.attributes
                0x00000000       0x34 C:/Tools/SysGCC/bin/../lib/gcc/arm-none-eabi/14.2.1/thumb/v7e-m+fp/hard\libc_nano.a(libc_a-writer.o)
 .text          0x00000000        0x0 C:/Tools/SysGCC/bin/../lib/gcc/arm-none-eabi/14.2.1/thumb/v7e-m+fp/hard\libc_nano.a(libc_a-errno.o)
 .data          0x00000000        0x0 C:/Tools/SysGCC/bin/../lib/gcc/arm-none-eabi/14.2.1/thumb/v7e-m+fp/hard\libc_nano.a(libc_a-errno.o)
 .bss           0x00000000        0x0 C:/Tools/SysGCC/bin/../lib/gcc/arm-none-eabi/14.2.1/thumb/v7e-m+fp/hard\libc_nano.a(libc_a-errno.o)
 .text.__errno  0x00000000        0xc C:/Tools/SysGCC/bin/../lib/gcc/arm-none-eabi/14.2.1/thumb/v7e-m+fp/hard\libc_nano.a(libc_a-errno.o)
 .debug_frame   0x00000000       0x20 C:/Tools/SysGCC/bin/../lib/gcc/arm-none-eabi/14.2.1/thumb/v7e-m+fp/hard\libc_nano.a(libc_a-errno.o)
 .ARM.attributes
                0x00000000       0x34 C:/Tools/SysGCC/bin/../lib/gcc/arm-none-eabi/14.2.1/thumb/v7e-m+fp/hard\libc_nano.a(libc_a-errno.o)
 .text          0x00000000        0x0 C:/Tools/SysGCC/bin/../lib/gcc/arm-none-eabi/14.2.1/thumb/v7e-m+fp/hard\libc_nano.a(libc_a-init.o)
 .data          0x00000000        0x0 C:/Tools/SysGCC/bin/../lib/gcc/arm-none-eabi/14.2.1/thumb/v7e-m+fp/hard\libc_nano.a(libc_a-init.o)
 .bss           0x00000000        0x0 C:/Tools/SysGCC/bin/../lib/gcc/arm-none-eabi/14.2.1/thumb/v7e-m+fp/hard\libc_nano.a(libc_a-init.o)
 .text          0x00000000        0x0 C:/Tools/SysGCC/bin/../lib/gcc/arm-none-eabi/14.2.1/thumb/v7e-m+fp/hard\libc_nano.a(libc_a-lock.o)
 .data          0x00000000        0x0 C:/Tools/SysGCC/bin/../lib/gcc/arm-none-eabi/14.2.1/thumb/v7e-m+fp/hard\libc_nano.a(libc_a-lock.o)
 .bss           0x00000000        0x0 C:/Tools/SysGCC/bin/../lib/gcc/arm-none-eabi/14.2.1/thumb/v7e-m+fp/hard\libc_nano.a(libc_a-lock.o)
 .text.__retarget_lock_init
                0x00000000        0x2 C:/Tools/SysGCC/bin/../lib/gcc/arm-none-eabi/14.2.1/thumb/v7e-m+fp/hard\libc_nano.a(libc_a-lock.o)
 .text.__retarget_lock_init_recursive
                0x00000000        0x2 C:/Tools/SysGCC/bin/../lib/gcc/arm-none-eabi/14.2.1/thumb/v7e-m+fp/hard\libc_nano.a(libc_a-lock.o)
 .text.__retarget_lock_close
                0x00000000        0x2 C:/Tools/SysGCC/bin/../lib/gcc/arm-none-eabi/14.2.1/thumb/v7e-m+fp/hard\libc_nano.a(libc_a-lock.o)
 .text.__retarget_lock_close_recursive
                0x00000000        0x2 C:/Tools/SysGCC/bin/../lib/gcc/arm-none-eabi/14.2.1/thumb/v7e-m+fp/hard\libc_nano.a(libc_a-lock.o)
 .text.__retarget_lock_acquire
                0x00000000        0x2 C:/Tools/SysGCC/bin/../lib/gcc/arm-none-eabi/14.2.1/thumb/v7e-m+fp/hard\libc_nano.a(libc_a-lock.o)
 .text.__retarget_lock_acquire_recursive
                0x00000000        0x2 C:/Tools/SysGCC/bin/../lib/gcc/arm-none-eabi/14.2.1/thumb/v7e-m+fp/hard\libc_nano.a(libc_a-lock.o)
 .text.__retarget_lock_try_acquire
                0x00000000        0x4 C:/Tools/SysGCC/bin/../lib/gcc/arm-none-eabi/14.2.1/thumb/v7e-m+fp/hard\libc_nano.a(libc_a-lock.o)
 .text.__retarget_lock_try_acquire_recursive
                0x00000000        0x4 C:/Tools/SysGCC/bin/../lib/gcc/arm-none-eabi/14.2.1/thumb/v7e-m+fp/hard\libc_nano.a(libc_a-lock.o)
 .text.__retarget_lock_release
                0x00000000        0x2 C:/Tools/SysGCC/bin/../lib/gcc/arm-none-eabi/14.2.1/thumb/v7e-m+fp/hard\libc_nano.a(libc_a-lock.o)
 .text.__retarget_lock_release_recursive
                0x00000000        0x2 C:/Tools/SysGCC/bin/../lib/gcc/arm-none-eabi/14.2.1/thumb/v7e-m+fp/hard\libc_nano.a(libc_a-lock.o)
 .bss.__lock___arc4random_mutex
                0x00000000        0x1 C:/Tools/SysGCC/bin/../lib/gcc/arm-none-eabi/14.2.1/thumb/v7e-m+fp/hard\libc_nano.a(libc_a-lock.o)
 .bss.__lock___dd_hash_mutex
                0x00000000        0x1 C:/Tools/SysGCC/bin/../lib/gcc/arm-none-eabi/14.2.1/thumb/v7e-m+fp/hard\libc_nano.a(libc_a-lock.o)
 .bss.__lock___tz_mutex
                0x00000000        0x1 C:/Tools/SysGCC/bin/../lib/gcc/arm-none-eabi/14.2.1/thumb/v7e-m+fp/hard\libc_nano.a(libc_a-lock.o)
 .bss.__lock___env_recursive_mutex
                0x00000000        0x1 C:/Tools/SysGCC/bin/../lib/gcc/arm-none-eabi/14.2.1/thumb/v7e-m+fp/hard\libc_nano.a(libc_a-lock.o)
 .bss.__lock___malloc_recursive_mutex
                0x00000000        0x1 C:/Tools/SysGCC/bin/../lib/gcc/arm-none-eabi/14.2.1/thumb/v7e-m+fp/hard\libc_nano.a(libc_a-lock.o)
 .bss.__lock___at_quick_exit_mutex
                0x00000000        0x1 C:/Tools/SysGCC/bin/../lib/gcc/arm-none-eabi/14.2.1/thumb/v7e-m+fp/hard\libc_nano.a(libc_a-lock.o)
 .bss.__lock___atexit_recursive_mutex
                0x00000000        0x1 C:/Tools/SysGCC/bin/../lib/gcc/arm-none-eabi/14.2.1/thumb/v7e-m+fp/hard\libc_nano.a(libc_a-lock.o)
 .bss.__lock___sfp_recursive_mutex
                0x00000000        0x1 C:/Tools/SysGCC/bin/../lib/gcc/arm-none-eabi/14.2.1/thumb/v7e-m+fp/hard\libc_nano.a(libc_a-lock.o)
 .debug_frame   0x00000000       0xb0 C:/Tools/SysGCC/bin/../lib/gcc/arm-none-eabi/14.2.1/thumb/v7e-m+fp/hard\libc_nano.a(libc_a-lock.o)
 .ARM.attributes
                0x00000000       0x34 C:/Tools/SysGCC/bin/../lib/gcc/arm-none-eabi/14.2.1/thumb/v7e-m+fp/hard\libc_nano.a(libc_a-lock.o)
 .text          0x00000000        0x0 C:/Tools/SysGCC/bin/../lib/gcc/arm-none-eabi/14.2.1/thumb/v7e-m+fp/hard\libc_nano.a(libc_a-freer.o)
 .data          0x00000000        0x0 C:/Tools/SysGCC/bin/../lib/gcc/arm-none-eabi/14.2.1/thumb/v7e-m+fp/hard\libc_nano.a(libc_a-freer.o)
 .bss           0x00000000        0x0 C:/Tools/SysGCC/bin/../lib/gcc/arm-none-eabi/14.2.1/thumb/v7e-m+fp/hard\libc_nano.a(libc_a-freer.o)
 .text._free_r  0x00000000       0x94 C:/Tools/SysGCC/bin/../lib/gcc/arm-none-eabi/14.2.1/thumb/v7e-m+fp/hard\libc_nano.a(libc_a-freer.o)
 .debug_frame   0x00000000       0x38 C:/Tools/SysGCC/bin/../lib/gcc/arm-none-eabi/14.2.1/thumb/v7e-m+fp/hard\libc_nano.a(libc_a-freer.o)
 .ARM.attributes
                0x00000000       0x34 C:/Tools/SysGCC/bin/../lib/gcc/arm-none-eabi/14.2.1/thumb/v7e-m+fp/hard\libc_nano.a(libc_a-freer.o)
 .text          0x00000000        0x0 C:/Tools/SysGCC/bin/../lib/gcc/arm-none-eabi/14.2.1/thumb/v7e-m+fp/hard\libc_nano.a(libc_a-mallocr.o)
 .data          0x00000000        0x0 C:/Tools/SysGCC/bin/../lib/gcc/arm-none-eabi/14.2.1/thumb/v7e-m+fp/hard\libc_nano.a(libc_a-mallocr.o)
 .bss           0x00000000        0x0 C:/Tools/SysGCC/bin/../lib/gcc/arm-none-eabi/14.2.1/thumb/v7e-m+fp/hard\libc_nano.a(libc_a-mallocr.o)
 .text.sbrk_aligned
                0x00000000       0x44 C:/Tools/SysGCC/bin/../lib/gcc/arm-none-eabi/14.2.1/thumb/v7e-m+fp/hard\libc_nano.a(libc_a-mallocr.o)
 .text._malloc_r
                0x00000000      0x100 C:/Tools/SysGCC/bin/../lib/gcc/arm-none-eabi/14.2.1/thumb/v7e-m+fp/hard\libc_nano.a(libc_a-mallocr.o)
 .bss.__malloc_sbrk_start
                0x00000000        0x4 C:/Tools/SysGCC/bin/../lib/gcc/arm-none-eabi/14.2.1/thumb/v7e-m+fp/hard\libc_nano.a(libc_a-mallocr.o)
 .bss.__malloc_free_list
                0x00000000        0x4 C:/Tools/SysGCC/bin/../lib/gcc/arm-none-eabi/14.2.1/thumb/v7e-m+fp/hard\libc_nano.a(libc_a-mallocr.o)
 .debug_frame   0x00000000       0x50 C:/Tools/SysGCC/bin/../lib/gcc/arm-none-eabi/14.2.1/thumb/v7e-m+fp/hard\libc_nano.a(libc_a-mallocr.o)
 .ARM.attributes
                0x00000000       0x34 C:/Tools/SysGCC/bin/../lib/gcc/arm-none-eabi/14.2.1/thumb/v7e-m+fp/hard\libc_nano.a(libc_a-mallocr.o)
 .text          0x00000000        0x0 C:/Tools/SysGCC/bin/../lib/gcc/arm-none-eabi/14.2.1/thumb/v7e-m+fp/hard\libc_nano.a(libc_a-mlock.o)
 .data          0x00000000        0x0 C:/Tools/SysGCC/bin/../lib/gcc/arm-none-eabi/14.2.1/thumb/v7e-m+fp/hard\libc_nano.a(libc_a-mlock.o)
 .bss           0x00000000        0x0 C:/Tools/SysGCC/bin/../lib/gcc/arm-none-eabi/14.2.1/thumb/v7e-m+fp/hard\libc_nano.a(libc_a-mlock.o)
 .text.__malloc_lock
                0x00000000        0xc C:/Tools/SysGCC/bin/../lib/gcc/arm-none-eabi/14.2.1/thumb/v7e-m+fp/hard\libc_nano.a(libc_a-mlock.o)
 .text.__malloc_unlock
                0x00000000        0xc C:/Tools/SysGCC/bin/../lib/gcc/arm-none-eabi/14.2.1/thumb/v7e-m+fp/hard\libc_nano.a(libc_a-mlock.o)
 .debug_frame   0x00000000       0x30 C:/Tools/SysGCC/bin/../lib/gcc/arm-none-eabi/14.2.1/thumb/v7e-m+fp/hard\libc_nano.a(libc_a-mlock.o)
 .ARM.attributes
                0x00000000       0x34 C:/Tools/SysGCC/bin/../lib/gcc/arm-none-eabi/14.2.1/thumb/v7e-m+fp/hard\libc_nano.a(libc_a-mlock.o)
 .text          0x00000000        0x0 C:/Tools/SysGCC/bin/../lib/gcc/arm-none-eabi/14.2.1/thumb/v7e-m+fp/hard\libc_nano.a(libc_a-fflush.o)
 .data          0x00000000        0x0 C:/Tools/SysGCC/bin/../lib/gcc/arm-none-eabi/14.2.1/thumb/v7e-m+fp/hard\libc_nano.a(libc_a-fflush.o)
 .bss           0x00000000        0x0 C:/Tools/SysGCC/bin/../lib/gcc/arm-none-eabi/14.2.1/thumb/v7e-m+fp/hard\libc_nano.a(libc_a-fflush.o)
 .text.__sflush_r
                0x00000000      0x104 C:/Tools/SysGCC/bin/../lib/gcc/arm-none-eabi/14.2.1/thumb/v7e-m+fp/hard\libc_nano.a(libc_a-fflush.o)
 .text._fflush_r
                0x00000000       0x50 C:/Tools/SysGCC/bin/../lib/gcc/arm-none-eabi/14.2.1/thumb/v7e-m+fp/hard\libc_nano.a(libc_a-fflush.o)
 .text.fflush   0x00000000       0x28 C:/Tools/SysGCC/bin/../lib/gcc/arm-none-eabi/14.2.1/thumb/v7e-m+fp/hard\libc_nano.a(libc_a-fflush.o)
 .debug_frame   0x00000000       0x5c C:/Tools/SysGCC/bin/../lib/gcc/arm-none-eabi/14.2.1/thumb/v7e-m+fp/hard\libc_nano.a(libc_a-fflush.o)
 .ARM.attributes
                0x00000000       0x34 C:/Tools/SysGCC/bin/../lib/gcc/arm-none-eabi/14.2.1/thumb/v7e-m+fp/hard\libc_nano.a(libc_a-fflush.o)
 .text          0x00000000        0x0 C:/Tools/SysGCC/bin/../lib/gcc/arm-none-eabi/14.2.1/thumb/v7e-m+fp/hard\libc_nano.a(libc_a-sbrkr.o)
 .data          0x00000000        0x0 C:/Tools/SysGCC/bin/../lib/gcc/arm-none-eabi/14.2.1/thumb/v7e-m+fp/hard\libc_nano.a(libc_a-sbrkr.o)
 .bss           0x00000000        0x0 C:/Tools/SysGCC/bin/../lib/gcc/arm-none-eabi/14.2.1/thumb/v7e-m+fp/hard\libc_nano.a(libc_a-sbrkr.o)
 .text._sbrk_r  0x00000000       0x20 C:/Tools/SysGCC/bin/../lib/gcc/arm-none-eabi/14.2.1/thumb/v7e-m+fp/hard\libc_nano.a(libc_a-sbrkr.o)
 .debug_frame   0x00000000       0x2c C:/Tools/SysGCC/bin/../lib/gcc/arm-none-eabi/14.2.1/thumb/v7e-m+fp/hard\libc_nano.a(libc_a-sbrkr.o)
 .ARM.attributes
                0x00000000       0x34 C:/Tools/SysGCC/bin/../lib/gcc/arm-none-eabi/14.2.1/thumb/v7e-m+fp/hard\libc_nano.a(libc_a-sbrkr.o)
 .text          0x00000000        0x0 C:/Tools/SysGCC/bin/../lib/gcc/arm-none-eabi/14.2.1/thumb/v7e-m+fp/hard/crtend.o
 .data          0x00000000        0x0 C:/Tools/SysGCC/bin/../lib/gcc/arm-none-eabi/14.2.1/thumb/v7e-m+fp/hard/crtend.o
 .bss           0x00000000        0x0 C:/Tools/SysGCC/bin/../lib/gcc/arm-none-eabi/14.2.1/thumb/v7e-m+fp/hard/crtend.o
 .rodata.all_implied_fbits
                0x00000000       0x24 C:/Tools/SysGCC/bin/../lib/gcc/arm-none-eabi/14.2.1/thumb/v7e-m+fp/hard/crtend.o
 .eh_frame      0x00000000        0x4 C:/Tools/SysGCC/bin/../lib/gcc/arm-none-eabi/14.2.1/thumb/v7e-m+fp/hard/crtend.o
 .text          0x00000000        0x0 C:/Tools/SysGCC/bin/../lib/gcc/arm-none-eabi/14.2.1/thumb/v7e-m+fp/hard/crtn.o
 .data          0x00000000        0x0 C:/Tools/SysGCC/bin/../lib/gcc/arm-none-eabi/14.2.1/thumb/v7e-m+fp/hard/crtn.o
 .bss           0x00000000        0x0 C:/Tools/SysGCC/bin/../lib/gcc/arm-none-eabi/14.2.1/thumb/v7e-m+fp/hard/crtn.o

Memory Configuration

Name             Origin             Length             Attributes
RAM              0x20000000         0x00030000         xrw
CCMRAM           0x10000000         0x00010000         xrw
FLASH            0x08000000         0x00200000         xr
*default*        0x00000000         0xffffffff

Linker script and memory map

LOAD C:/Tools/SysGCC/bin/../lib/gcc/arm-none-eabi/14.2.1/thumb/v7e-m+fp/hard/crti.o
LOAD C:/Tools/SysGCC/bin/../lib/gcc/arm-none-eabi/14.2.1/thumb/v7e-m+fp/hard/crtbegin.o
LOAD C:/Tools/SysGCC/bin/../lib/gcc/arm-none-eabi/14.2.1/thumb/v7e-m+fp/hard/crt0.o
LOAD Build/system_stm32f4xx.o
LOAD Build/syscalls.o
LOAD Build/sysmem.o
LOAD Build/main.o
LOAD Build/init.o
LOAD Build/it_handlers.o
LOAD Build/startup_stm32f429xx.o
LOAD C:/Tools/SysGCC/bin/../lib/gcc/arm-none-eabi/14.2.1/thumb/v7e-m+fp/hard\libc_nano.a
LOAD C:/Tools/SysGCC/bin/../lib/gcc/arm-none-eabi/14.2.1/thumb/v7e-m+fp/hard\libm.a
LOAD C:/Tools/SysGCC/bin/../lib/gcc/arm-none-eabi/14.2.1/thumb/v7e-m+fp/hard\libnosys.a
START GROUP
LOAD C:/Tools/SysGCC/bin/../lib/gcc/arm-none-eabi/14.2.1/thumb/v7e-m+fp/hard\libgcc.a
LOAD C:/Tools/SysGCC/bin/../lib/gcc/arm-none-eabi/14.2.1/thumb/v7e-m+fp/hard\libc_nano.a
END GROUP
START GROUP
LOAD C:/Tools/SysGCC/bin/../lib/gcc/arm-none-eabi/14.2.1/thumb/v7e-m+fp/hard\libgcc.a
LOAD C:/Tools/SysGCC/bin/../lib/gcc/arm-none-eabi/14.2.1/thumb/v7e-m+fp/hard\libc_nano.a
END GROUP
LOAD C:/Tools/SysGCC/bin/../lib/gcc/arm-none-eabi/14.2.1/thumb/v7e-m+fp/hard/crtend.o
LOAD C:/Tools/SysGCC/bin/../lib/gcc/arm-none-eabi/14.2.1/thumb/v7e-m+fp/hard/crtn.o
                0x20030000                        _estack = (ORIGIN (RAM) + LENGTH (RAM))
                0x00000200                        _Min_Heap_Size = 0x200
                0x00000400                        _Min_Stack_Size = 0x400

.isr_vector     0x08000000      0x1ac
                0x08000000                        . = ALIGN (0x4)
 *(.isr_vector)
 .isr_vector    0x08000000      0x1ac Build/startup_stm32f429xx.o
                0x08000000                g_pfnVectors
                0x080001ac                        . = ALIGN (0x4)

.text           0x080001ac      0x3c4
                0x080001ac                        . = ALIGN (0x4)
 *(.text)
 *(.text*)
 .text.deregister_tm_clones
                0x080001ac       0x1c C:/Tools/SysGCC/bin/../lib/gcc/arm-none-eabi/14.2.1/thumb/v7e-m+fp/hard/crtbegin.o
 .text.register_tm_clones
                0x080001c8       0x24 C:/Tools/SysGCC/bin/../lib/gcc/arm-none-eabi/14.2.1/thumb/v7e-m+fp/hard/crtbegin.o
 .text.__do_global_dtors_aux
                0x080001ec       0x28 C:/Tools/SysGCC/bin/../lib/gcc/arm-none-eabi/14.2.1/thumb/v7e-m+fp/hard/crtbegin.o
 .text.frame_dummy
                0x08000214       0x24 C:/Tools/SysGCC/bin/../lib/gcc/arm-none-eabi/14.2.1/thumb/v7e-m+fp/hard/crtbegin.o
 .text.SystemInit
                0x08000238       0x14 Build/system_stm32f4xx.o
                0x08000238                SystemInit
 .text.Beep     0x0800024c       0x24 Build/main.o
                0x0800024c                Beep
 .text.main     0x08000270       0xb4 Build/main.o
                0x08000270                main
 .text.ADC_Init
                0x08000324       0x90 Build/init.o
                0x08000324                ADC_Init
 .text.ADC_Read_Channel
                0x080003b4       0x40 Build/init.o
                0x080003b4                ADC_Read_Channel
 .text.FAN_BUZZER_Init
                0x080003f4       0x9c Build/init.o
                0x080003f4                FAN_BUZZER_Init
 .text.ADC_IRQHandler
                0x08000490       0x2c Build/it_handlers.o
                0x08000490                ADC_IRQHandler
 .text.Reset_Handler
                0x080004bc       0x50 Build/startup_stm32f429xx.o
                0x080004bc                Reset_Handler
 .text.Default_Handler
                0x0800050c        0x2 Build/startup_stm32f429xx.o
                0x0800050c                RTC_Alarm_IRQHandler
                0x0800050c                HASH_RNG_IRQHandler
                0x0800050c                EXTI2_IRQHandler
                0x0800050c                TIM8_CC_IRQHandler
                0x0800050c                DebugMon_Handler
                0x0800050c                UART8_IRQHandler
                0x0800050c                SPI4_IRQHandler
                0x0800050c                TIM1_CC_IRQHandler
                0x0800050c                DMA2_Stream5_IRQHandler
                0x0800050c                HardFault_Handler
                0x0800050c                DMA1_Stream5_IRQHandler
                0x0800050c                SysTick_Handler
                0x0800050c                PVD_IRQHandler
                0x0800050c                SDIO_IRQHandler
                0x0800050c                TAMP_STAMP_IRQHandler
                0x0800050c                PendSV_Handler
                0x0800050c                NMI_Handler
                0x0800050c                CAN2_RX1_IRQHandler
                0x0800050c                EXTI3_IRQHandler
                0x0800050c                TIM8_TRG_COM_TIM14_IRQHandler
                0x0800050c                TIM1_UP_TIM10_IRQHandler
                0x0800050c                TIM8_UP_TIM13_IRQHandler
                0x0800050c                I2C3_ER_IRQHandler
                0x0800050c                EXTI0_IRQHandler
                0x0800050c                I2C2_EV_IRQHandler
                0x0800050c                DMA1_Stream2_IRQHandler
                0x0800050c                CAN1_RX0_IRQHandler
                0x0800050c                FPU_IRQHandler
                0x0800050c                OTG_HS_WKUP_IRQHandler
                0x0800050c                UsageFault_Handler
                0x0800050c                LTDC_ER_IRQHandler
                0x0800050c                CAN2_SCE_IRQHandler
                0x0800050c                DMA2_Stream2_IRQHandler
                0x0800050c                SPI1_IRQHandler
                0x0800050c                TIM6_DAC_IRQHandler
                0x0800050c                TIM1_BRK_TIM9_IRQHandler
                0x0800050c                DCMI_IRQHandler
                0x0800050c                CAN2_RX0_IRQHandler
                0x0800050c                DMA2_Stream3_IRQHandler
                0x0800050c                USART6_IRQHandler
                0x0800050c                USART3_IRQHandler
                0x0800050c                CAN1_RX1_IRQHandler
                0x0800050c                UART5_IRQHandler
                0x0800050c                DMA2_Stream0_IRQHandler
                0x0800050c                TIM4_IRQHandler
                0x0800050c                I2C1_EV_IRQHandler
                0x0800050c                DMA1_Stream6_IRQHandler
                0x0800050c                DMA1_Stream1_IRQHandler
                0x0800050c                UART4_IRQHandler
                0x0800050c                TIM3_IRQHandler
                0x0800050c                RCC_IRQHandler
                0x0800050c                TIM8_BRK_TIM12_IRQHandler
                0x0800050c                Default_Handler
                0x0800050c                EXTI15_10_IRQHandler
                0x0800050c                DMA1_Stream7_IRQHandler
                0x0800050c                SPI5_IRQHandler
                0x0800050c                TIM7_IRQHandler
                0x0800050c                CAN2_TX_IRQHandler
                0x0800050c                TIM5_IRQHandler
                0x0800050c                DMA2_Stream7_IRQHandler
                0x0800050c                I2C3_EV_IRQHandler
                0x0800050c                EXTI9_5_IRQHandler
                0x0800050c                RTC_WKUP_IRQHandler
                0x0800050c                LTDC_IRQHandler
                0x0800050c                ETH_WKUP_IRQHandler
                0x0800050c                SPI2_IRQHandler
                0x0800050c                OTG_HS_EP1_IN_IRQHandler
                0x0800050c                MemManage_Handler
                0x0800050c                DMA1_Stream0_IRQHandler
                0x0800050c                CAN1_TX_IRQHandler
                0x0800050c                SVC_Handler
                0x0800050c                EXTI4_IRQHandler
                0x0800050c                ETH_IRQHandler
                0x0800050c                OTG_HS_EP1_OUT_IRQHandler
                0x0800050c                WWDG_IRQHandler
                0x0800050c                SPI6_IRQHandler
                0x0800050c                TIM2_IRQHandler
                0x0800050c                OTG_FS_WKUP_IRQHandler
                0x0800050c                TIM1_TRG_COM_TIM11_IRQHandler
                0x0800050c                OTG_HS_IRQHandler
                0x0800050c                DMA2D_IRQHandler
                0x0800050c                EXTI1_IRQHandler
                0x0800050c                UART7_IRQHandler
                0x0800050c                USART2_IRQHandler
                0x0800050c                I2C2_ER_IRQHandler
                0x0800050c                DMA2_Stream1_IRQHandler
                0x0800050c                CAN1_SCE_IRQHandler
                0x0800050c                FLASH_IRQHandler
                0x0800050c                DMA2_Stream4_IRQHandler
                0x0800050c                BusFault_Handler
                0x0800050c                USART1_IRQHandler
                0x0800050c                OTG_FS_IRQHandler
                0x0800050c                SPI3_IRQHandler
                0x0800050c                DMA1_Stream4_IRQHandler
                0x0800050c                I2C1_ER_IRQHandler
                0x0800050c                FMC_IRQHandler
                0x0800050c                DMA2_Stream6_IRQHandler
                0x0800050c                SAI1_IRQHandler
                0x0800050c                DMA1_Stream3_IRQHandler
 *fill*         0x0800050e        0x2 
 .text.__libc_init_array
                0x08000510       0x48 C:/Tools/SysGCC/bin/../lib/gcc/arm-none-eabi/14.2.1/thumb/v7e-m+fp/hard\libc_nano.a(libc_a-init.o)
                0x08000510                __libc_init_array
 *(.glue_7)
 .glue_7        0x08000558        0x0 linker stubs
 *(.glue_7t)
 .glue_7t       0x08000558        0x0 linker stubs
 *(.eh_frame)
 .eh_frame      0x08000558        0x0 C:/Tools/SysGCC/bin/../lib/gcc/arm-none-eabi/14.2.1/thumb/v7e-m+fp/hard/crtbegin.o
 *(.init)
 .init          0x08000558        0x4 C:/Tools/SysGCC/bin/../lib/gcc/arm-none-eabi/14.2.1/thumb/v7e-m+fp/hard/crti.o
                0x08000558                _init
 .init          0x0800055c        0x8 C:/Tools/SysGCC/bin/../lib/gcc/arm-none-eabi/14.2.1/thumb/v7e-m+fp/hard/crtn.o
 *(.fini)
 .fini          0x08000564        0x4 C:/Tools/SysGCC/bin/../lib/gcc/arm-none-eabi/14.2.1/thumb/v7e-m+fp/hard/crti.o
                0x08000564                _fini
 .fini          0x08000568        0x8 C:/Tools/SysGCC/bin/../lib/gcc/arm-none-eabi/14.2.1/thumb/v7e-m+fp/hard/crtn.o
                0x08000570                        . = ALIGN (0x4)
                0x08000570                        _etext = .

.vfp11_veneer   0x08000570        0x0
 .vfp11_veneer  0x08000570        0x0 linker stubs

.v4_bx          0x08000570        0x0
 .v4_bx         0x08000570        0x0 linker stubs

.iplt           0x08000570        0x0
 .iplt          0x08000570        0x0 C:/Tools/SysGCC/bin/../lib/gcc/arm-none-eabi/14.2.1/thumb/v7e-m+fp/hard/crtbegin.o

.rel.dyn        0x08000570        0x0
 .rel.iplt      0x08000570        0x0 C:/Tools/SysGCC/bin/../lib/gcc/arm-none-eabi/14.2.1/thumb/v7e-m+fp/hard/crtbegin.o

.rodata         0x08000570        0x0
                0x08000570                        . = ALIGN (0x4)
 *(.rodata)
 *(.rodata*)
                0x08000570                        . = ALIGN (0x4)

.ARM.extab
 *(.ARM.extab* .gnu.linkonce.armextab.*)

.ARM            0x08000570        0x0
                0x08000570                        __exidx_start = .
 *(.ARM.exidx*)
                0x08000570                        __exidx_end = .

.preinit_array  0x08000570        0x0
                0x08000570                        PROVIDE (__preinit_array_start = .)
 *(.preinit_array*)
                0x08000570                        PROVIDE (__preinit_array_end = .)

.init_array     0x08000570        0x4
                0x08000570                        PROVIDE (__init_array_start = .)
 *(SORT_BY_NAME(.init_array.*))
 *(.init_array*)
 .init_array    0x08000570        0x4 C:/Tools/SysGCC/bin/../lib/gcc/arm-none-eabi/14.2.1/thumb/v7e-m+fp/hard/crtbegin.o
                0x08000574                        PROVIDE (__init_array_end = .)

.fini_array     0x08000574        0x4
                [!provide]                        PROVIDE (__fini_array_start = .)
 *(SORT_BY_NAME(.fini_array.*))
 *(.fini_array*)
 .fini_array    0x08000574        0x4 C:/Tools/SysGCC/bin/../lib/gcc/arm-none-eabi/14.2.1/thumb/v7e-m+fp/hard/crtbegin.o
                [!provide]                        PROVIDE (__fini_array_end = .)
                0x08000578                        _sidata = LOADADDR (.data)

.data           0x20000000        0x0 load address 0x08000578
                0x20000000                        . = ALIGN (0x4)
                0x20000000                        _sdata = .
 *(.data)
 *(.data*)
                0x20000000                        . = ALIGN (0x4)
                0x20000000                        _edata = .
                0x08000578                        _siccmram = LOADADDR (.ccmram)

.tm_clone_table
                0x20000000        0x0 load address 0x08000578
 .tm_clone_table
                0x20000000        0x0 C:/Tools/SysGCC/bin/../lib/gcc/arm-none-eabi/14.2.1/thumb/v7e-m+fp/hard/crtbegin.o
 .tm_clone_table
                0x20000000        0x0 C:/Tools/SysGCC/bin/../lib/gcc/arm-none-eabi/14.2.1/thumb/v7e-m+fp/hard/crtend.o

.igot.plt       0x20000000        0x0 load address 0x08000578
 .igot.plt      0x20000000        0x0 C:/Tools/SysGCC/bin/../lib/gcc/arm-none-eabi/14.2.1/thumb/v7e-m+fp/hard/crtbegin.o

.ccmram         0x10000000        0x0 load address 0x08000578
                0x10000000                        . = ALIGN (0x4)
                0x10000000                        _sccmram = .
 *(.ccmram)
 *(.ccmram*)
                0x10000000                        . = ALIGN (0x4)
                0x10000000                        _eccmram = .
                0x10000000                        . = ALIGN (0x4)

.bss            0x20000000       0x28
                0x20000000                        _sbss = .
                0x20000000                        __bss_start__ = _sbss
 *(.bss)
 *(.bss*)
 .bss.completed.1
                0x20000000        0x1 C:/Tools/SysGCC/bin/../lib/gcc/arm-none-eabi/14.2.1/thumb/v7e-m+fp/hard/crtbegin.o
 *fill*         0x20000001        0x3 
 .bss.object.0  0x20000004       0x18 C:/Tools/SysGCC/bin/../lib/gcc/arm-none-eabi/14.2.1/thumb/v7e-m+fp/hard/crtbegin.o
 .bss.pot3      0x2000001c        0x2 Build/main.o
                0x2000001c                pot3
 .bss.pot2      0x2000001e        0x2 Build/main.o
                0x2000001e                pot2
 .bss.pot1      0x20000020        0x2 Build/main.o
                0x20000020                pot1
 .bss.flag      0x20000022        0x2 Build/main.o
                0x20000022                flag
 .bss.adc       0x20000024        0x2 Build/main.o
                0x20000024                adc
 *(COMMON)
                0x20000028                        . = ALIGN (0x4)
 *fill*         0x20000026        0x2 
                0x20000028                        _ebss = .
                0x20000028                        __bss_end__ = _ebss

._user_heap_stack
                0x20000028      0x600
                0x20000028                        . = ALIGN (0x8)
                [!provide]                        PROVIDE (end = .)
                0x20000028                        PROVIDE (_end = .)
                0x20000228                        . = (. + _Min_Heap_Size)
 *fill*         0x20000028      0x200 
                0x20000628                        . = (. + _Min_Stack_Size)
 *fill*         0x20000228      0x400 
                0x20000628                        . = ALIGN (0x8)

/DISCARD/
 libc.a(*)
 libm.a(*)
 libgcc.a(*)

.ARM.attributes
                0x00000000       0x30
 *(.ARM.attributes)
 .ARM.attributes
                0x00000000       0x22 C:/Tools/SysGCC/bin/../lib/gcc/arm-none-eabi/14.2.1/thumb/v7e-m+fp/hard/crti.o
 .ARM.attributes
                0x00000022       0x34 C:/Tools/SysGCC/bin/../lib/gcc/arm-none-eabi/14.2.1/thumb/v7e-m+fp/hard/crtbegin.o
 .ARM.attributes
                0x00000056       0x34 Build/system_stm32f4xx.o
 .ARM.attributes
                0x0000008a       0x34 Build/main.o
 .ARM.attributes
                0x000000be       0x34 Build/init.o
 .ARM.attributes
                0x000000f2       0x34 Build/it_handlers.o
 .ARM.attributes
                0x00000126       0x21 Build/startup_stm32f429xx.o
 .ARM.attributes
                0x00000147       0x34 C:/Tools/SysGCC/bin/../lib/gcc/arm-none-eabi/14.2.1/thumb/v7e-m+fp/hard\libc_nano.a(libc_a-init.o)
 .ARM.attributes
                0x0000017b       0x34 C:/Tools/SysGCC/bin/../lib/gcc/arm-none-eabi/14.2.1/thumb/v7e-m+fp/hard/crtend.o
 .ARM.attributes
                0x000001af       0x22 C:/Tools/SysGCC/bin/../lib/gcc/arm-none-eabi/14.2.1/thumb/v7e-m+fp/hard/crtn.o
OUTPUT(Build/Laboratory_Practice.elf elf32-littlearm)
LOAD linker stubs
LOAD C:/Tools/SysGCC/bin/../lib/gcc/arm-none-eabi/14.2.1/thumb/v7e-m+fp/hard\libc.a
LOAD C:/Tools/SysGCC/bin/../lib/gcc/arm-none-eabi/14.2.1/thumb/v7e-m+fp/hard\libm.a
LOAD C:/Tools/SysGCC/bin/../lib/gcc/arm-none-eabi/14.2.1/thumb/v7e-m+fp/hard\libgcc.a

.debug_info     0x00000000     0x1494
 .debug_info    0x00000000      0x5ce Build/system_stm32f4xx.o
 .debug_info    0x000005ce      0x544 Build/main.o
 .debug_info    0x00000b12      0x73b Build/init.o
 .debug_info    0x0000124d      0x217 Build/it_handlers.o
 .debug_info    0x00001464       0x30 Build/startup_stm32f429xx.o

.debug_abbrev   0x00000000      0x4ae
 .debug_abbrev  0x00000000      0x11b Build/system_stm32f4xx.o
 .debug_abbrev  0x0000011b      0x196 Build/main.o
 .debug_abbrev  0x000002b1      0x12d Build/init.o
 .debug_abbrev  0x000003de       0xb3 Build/it_handlers.o
 .debug_abbrev  0x00000491       0x1d Build/startup_stm32f429xx.o

.debug_loc      0x00000000      0x1f2
 .debug_loc     0x00000000      0x166 Build/system_stm32f4xx.o
 .debug_loc     0x00000166       0x61 Build/main.o
 .debug_loc     0x000001c7       0x2b Build/init.o

.debug_aranges  0x00000000       0xe0
 .debug_aranges
                0x00000000       0x28 Build/system_stm32f4xx.o
 .debug_aranges
                0x00000028       0x28 Build/main.o
 .debug_aranges
                0x00000050       0x48 Build/init.o
 .debug_aranges
                0x00000098       0x20 Build/it_handlers.o
 .debug_aranges
                0x000000b8       0x28 Build/startup_stm32f429xx.o

.debug_ranges   0x00000000       0x98
 .debug_ranges  0x00000000       0x18 Build/system_stm32f4xx.o
 .debug_ranges  0x00000018       0x18 Build/main.o
 .debug_ranges  0x00000030       0x38 Build/init.o
 .debug_ranges  0x00000068       0x10 Build/it_handlers.o
 .debug_ranges  0x00000078       0x20 Build/startup_stm32f429xx.o

.debug_line     0x00000000      0x88c
 .debug_line    0x00000000      0x23b Build/system_stm32f4xx.o
 .debug_line    0x0000023b      0x1f3 Build/main.o
 .debug_line    0x0000042e      0x2bd Build/init.o
 .debug_line    0x000006eb      0x122 Build/it_handlers.o
 .debug_line    0x0000080d       0x7f Build/startup_stm32f429xx.o

.debug_str      0x00000000      0x55c
 .debug_str     0x00000000      0x55c Build/system_stm32f4xx.o
                                0x393 (size before relaxing)
 .debug_str     0x0000055c      0x2d6 Build/main.o
 .debug_str     0x0000055c      0x3fe Build/init.o
 .debug_str     0x0000055c      0x21e Build/it_handlers.o
 .debug_str     0x0000055c       0x92 Build/startup_stm32f429xx.o

.comment        0x00000000       0x45
 .comment       0x00000000       0x45 Build/system_stm32f4xx.o
                                 0x46 (size before relaxing)
 .comment       0x00000045       0x46 Build/main.o
 .comment       0x00000045       0x46 Build/init.o
 .comment       0x00000045       0x46 Build/it_handlers.o

.debug_frame    0x00000000      0x124
 .debug_frame   0x00000000       0x30 Build/system_stm32f4xx.o
 .debug_frame   0x00000030       0x38 Build/main.o
 .debug_frame   0x00000068       0x70 Build/init.o
 .debug_frame   0x000000d8       0x20 Build/it_handlers.o
 .debug_frame   0x000000f8       0x2c C:/Tools/SysGCC/bin/../lib/gcc/arm-none-eabi/14.2.1/thumb/v7e-m+fp/hard\libc_nano.a(libc_a-init.o)

Cross Reference Table

Symbol                                            File
ADC_IRQHandler                                    Build/it_handlers.o
ADC_Init                                          Build/init.o
                                                  Build/main.o
ADC_Read_Channel                                  Build/init.o
                                                  Build/main.o
AHBPrescTable                                     Build/system_stm32f4xx.o
APBPrescTable                                     Build/system_stm32f4xx.o
Beep                                              Build/main.o
BusFault_Handler                                  Build/startup_stm32f429xx.o
CAN1_RX0_IRQHandler                               Build/startup_stm32f429xx.o
CAN1_RX1_IRQHandler                               Build/startup_stm32f429xx.o
CAN1_SCE_IRQHandler                               Build/startup_stm32f429xx.o
CAN1_TX_IRQHandler                                Build/startup_stm32f429xx.o
CAN2_RX0_IRQHandler                               Build/startup_stm32f429xx.o
CAN2_RX1_IRQHandler                               Build/startup_stm32f429xx.o
CAN2_SCE_IRQHandler                               Build/startup_stm32f429xx.o
CAN2_TX_IRQHandler                                Build/startup_stm32f429xx.o
DCMI_IRQHandler                                   Build/startup_stm32f429xx.o
DMA1_Stream0_IRQHandler                           Build/startup_stm32f429xx.o
DMA1_Stream1_IRQHandler                           Build/startup_stm32f429xx.o
DMA1_Stream2_IRQHandler                           Build/startup_stm32f429xx.o
DMA1_Stream3_IRQHandler                           Build/startup_stm32f429xx.o
DMA1_Stream4_IRQHandler                           Build/startup_stm32f429xx.o
DMA1_Stream5_IRQHandler                           Build/startup_stm32f429xx.o
DMA1_Stream6_IRQHandler                           Build/startup_stm32f429xx.o
DMA1_Stream7_IRQHandler                           Build/startup_stm32f429xx.o
DMA2D_IRQHandler                                  Build/startup_stm32f429xx.o
DMA2_Stream0_IRQHandler                           Build/startup_stm32f429xx.o
DMA2_Stream1_IRQHandler                           Build/startup_stm32f429xx.o
DMA2_Stream2_IRQHandler                           Build/startup_stm32f429xx.o
DMA2_Stream3_IRQHandler                           Build/startup_stm32f429xx.o
DMA2_Stream4_IRQHandler                           Build/startup_stm32f429xx.o
DMA2_Stream5_IRQHandler                           Build/startup_stm32f429xx.o
DMA2_Stream6_IRQHandler                           Build/startup_stm32f429xx.o
DMA2_Stream7_IRQHandler                           Build/startup_stm32f429xx.o
DebugMon_Handler                                  Build/startup_stm32f429xx.o
Default_Handler                                   Build/startup_stm32f429xx.o
ETH_IRQHandler                                    Build/startup_stm32f429xx.o
ETH_WKUP_IRQHandler                               Build/startup_stm32f429xx.o
EXTI0_IRQHandler                                  Build/startup_stm32f429xx.o
EXTI15_10_IRQHandler                              Build/startup_stm32f429xx.o
EXTI1_IRQHandler                                  Build/startup_stm32f429xx.o
EXTI2_IRQHandler                                  Build/startup_stm32f429xx.o
EXTI3_IRQHandler                                  Build/startup_stm32f429xx.o
EXTI4_IRQHandler                                  Build/startup_stm32f429xx.o
EXTI9_5_IRQHandler                                Build/startup_stm32f429xx.o
FAN_BUZZER_Init                                   Build/init.o
                                                  Build/main.o
FLASH_IRQHandler                                  Build/startup_stm32f429xx.o
FMC_IRQHandler                                    Build/startup_stm32f429xx.o
FPU_IRQHandler                                    Build/startup_stm32f429xx.o
HASH_RNG_IRQHandler                               Build/startup_stm32f429xx.o
HardFault_Handler                                 Build/startup_stm32f429xx.o
I2C1_ER_IRQHandler                                Build/startup_stm32f429xx.o
I2C1_EV_IRQHandler                                Build/startup_stm32f429xx.o
I2C2_ER_IRQHandler                                Build/startup_stm32f429xx.o
I2C2_EV_IRQHandler                                Build/startup_stm32f429xx.o
I2C3_ER_IRQHandler                                Build/startup_stm32f429xx.o
I2C3_EV_IRQHandler                                Build/startup_stm32f429xx.o
LTDC_ER_IRQHandler                                Build/startup_stm32f429xx.o
LTDC_IRQHandler                                   Build/startup_stm32f429xx.o
MemManage_Handler                                 Build/startup_stm32f429xx.o
NMI_Handler                                       Build/startup_stm32f429xx.o
OTG_FS_IRQHandler                                 Build/startup_stm32f429xx.o
OTG_FS_WKUP_IRQHandler                            Build/startup_stm32f429xx.o
OTG_HS_EP1_IN_IRQHandler                          Build/startup_stm32f429xx.o
OTG_HS_EP1_OUT_IRQHandler                         Build/startup_stm32f429xx.o
OTG_HS_IRQHandler                                 Build/startup_stm32f429xx.o
OTG_HS_WKUP_IRQHandler                            Build/startup_stm32f429xx.o
PVD_IRQHandler                                    Build/startup_stm32f429xx.o
PendSV_Handler                                    Build/startup_stm32f429xx.o
RCC_IRQHandler                                    Build/startup_stm32f429xx.o
RTC_Alarm_IRQHandler                              Build/startup_stm32f429xx.o
RTC_WKUP_IRQHandler                               Build/startup_stm32f429xx.o
Reset_Handler                                     Build/startup_stm32f429xx.o
SAI1_IRQHandler                                   Build/startup_stm32f429xx.o
SDIO_IRQHandler                                   Build/startup_stm32f429xx.o
SPI1_IRQHandler                                   Build/startup_stm32f429xx.o
SPI2_IRQHandler                                   Build/startup_stm32f429xx.o
SPI3_IRQHandler                                   Build/startup_stm32f429xx.o
SPI4_IRQHandler                                   Build/startup_stm32f429xx.o
SPI5_IRQHandler                                   Build/startup_stm32f429xx.o
SPI6_IRQHandler                                   Build/startup_stm32f429xx.o
SVC_Handler                                       Build/startup_stm32f429xx.o
SysTick_Handler                                   Build/startup_stm32f429xx.o
SystemCoreClock                                   Build/system_stm32f4xx.o
SystemCoreClockUpdate                             Build/system_stm32f4xx.o
SystemInit                                        Build/system_stm32f4xx.o
                                                  Build/startup_stm32f429xx.o
TAMP_STAMP_IRQHandler                             Build/startup_stm32f429xx.o
TIM1_BRK_TIM9_IRQHandler                          Build/startup_stm32f429xx.o
TIM1_CC_IRQHandler                                Build/startup_stm32f429xx.o
TIM1_TRG_COM_TIM11_IRQHandler                     Build/startup_stm32f429xx.o
TIM1_UP_TIM10_IRQHandler                          Build/startup_stm32f429xx.o
TIM2_IRQHandler                                   Build/startup_stm32f429xx.o
TIM3_IRQHandler                                   Build/startup_stm32f429xx.o
TIM4_IRQHandler                                   Build/startup_stm32f429xx.o
TIM5_IRQHandler                                   Build/startup_stm32f429xx.o
TIM6_DAC_IRQHandler                               Build/startup_stm32f429xx.o
TIM7_IRQHandler                                   Build/startup_stm32f429xx.o
TIM8_BRK_TIM12_IRQHandler                         Build/startup_stm32f429xx.o
TIM8_CC_IRQHandler                                Build/startup_stm32f429xx.o
TIM8_TRG_COM_TIM14_IRQHandler                     Build/startup_stm32f429xx.o
TIM8_UP_TIM13_IRQHandler                          Build/startup_stm32f429xx.o
UART4_IRQHandler                                  Build/startup_stm32f429xx.o
UART5_IRQHandler                                  Build/startup_stm32f429xx.o
UART7_IRQHandler                                  Build/startup_stm32f429xx.o
UART8_IRQHandler                                  Build/startup_stm32f429xx.o
USART1_IRQHandler                                 Build/startup_stm32f429xx.o
USART2_IRQHandler                                 Build/startup_stm32f429xx.o
USART3_IRQHandler                                 Build/startup_stm32f429xx.o
USART6_IRQHandler                                 Build/startup_stm32f429xx.o
UsageFault_Handler                                Build/startup_stm32f429xx.o
WWDG_IRQHandler                                   Build/startup_stm32f429xx.o
_ITM_deregisterTMCloneTable                       C:/Tools/SysGCC/bin/../lib/gcc/arm-none-eabi/14.2.1/thumb/v7e-m+fp/hard/crtbegin.o
_ITM_registerTMCloneTable                         C:/Tools/SysGCC/bin/../lib/gcc/arm-none-eabi/14.2.1/thumb/v7e-m+fp/hard/crtbegin.o
_Min_Stack_Size                                   Build/sysmem.o
__TMC_END__                                       C:/Tools/SysGCC/bin/../lib/gcc/arm-none-eabi/14.2.1/thumb/v7e-m+fp/hard/crtend.o
                                                  C:/Tools/SysGCC/bin/../lib/gcc/arm-none-eabi/14.2.1/thumb/v7e-m+fp/hard/crtbegin.o
__bss_end__                                       C:/Tools/SysGCC/bin/../lib/gcc/arm-none-eabi/14.2.1/thumb/v7e-m+fp/hard/crt0.o
__bss_start__                                     C:/Tools/SysGCC/bin/../lib/gcc/arm-none-eabi/14.2.1/thumb/v7e-m+fp/hard/crt0.o
__call_exitprocs                                  C:/Tools/SysGCC/bin/../lib/gcc/arm-none-eabi/14.2.1/thumb/v7e-m+fp/hard\libc_nano.a(libc_a-exit.o)
__deregister_frame_info                           C:/Tools/SysGCC/bin/../lib/gcc/arm-none-eabi/14.2.1/thumb/v7e-m+fp/hard/crtbegin.o
__dso_handle                                      C:/Tools/SysGCC/bin/../lib/gcc/arm-none-eabi/14.2.1/thumb/v7e-m+fp/hard/crtbegin.o
__env                                             Build/syscalls.o
__errno                                           C:/Tools/SysGCC/bin/../lib/gcc/arm-none-eabi/14.2.1/thumb/v7e-m+fp/hard\libc_nano.a(libc_a-errno.o)
                                                  Build/sysmem.o
                                                  Build/syscalls.o
__fp_lock_all                                     C:/Tools/SysGCC/bin/../lib/gcc/arm-none-eabi/14.2.1/thumb/v7e-m+fp/hard\libc_nano.a(libc_a-findfp.o)
__fp_unlock_all                                   C:/Tools/SysGCC/bin/../lib/gcc/arm-none-eabi/14.2.1/thumb/v7e-m+fp/hard\libc_nano.a(libc_a-findfp.o)
__init_array_end                                  C:/Tools/SysGCC/bin/../lib/gcc/arm-none-eabi/14.2.1/thumb/v7e-m+fp/hard\libc_nano.a(libc_a-init.o)
__init_array_start                                C:/Tools/SysGCC/bin/../lib/gcc/arm-none-eabi/14.2.1/thumb/v7e-m+fp/hard\libc_nano.a(libc_a-init.o)
__io_getchar                                      Build/syscalls.o
__io_putchar                                      Build/syscalls.o
__libc_fini_array                                 C:/Tools/SysGCC/bin/../lib/gcc/arm-none-eabi/14.2.1/thumb/v7e-m+fp/hard/crt0.o
__libc_init_array                                 C:/Tools/SysGCC/bin/../lib/gcc/arm-none-eabi/14.2.1/thumb/v7e-m+fp/hard\libc_nano.a(libc_a-init.o)
                                                  Build/startup_stm32f429xx.o
                                                  C:/Tools/SysGCC/bin/../lib/gcc/arm-none-eabi/14.2.1/thumb/v7e-m+fp/hard/crt0.o
__lock___arc4random_mutex                         C:/Tools/SysGCC/bin/../lib/gcc/arm-none-eabi/14.2.1/thumb/v7e-m+fp/hard\libc_nano.a(libc_a-lock.o)
__lock___at_quick_exit_mutex                      C:/Tools/SysGCC/bin/../lib/gcc/arm-none-eabi/14.2.1/thumb/v7e-m+fp/hard\libc_nano.a(libc_a-lock.o)
__lock___atexit_recursive_mutex                   C:/Tools/SysGCC/bin/../lib/gcc/arm-none-eabi/14.2.1/thumb/v7e-m+fp/hard\libc_nano.a(libc_a-lock.o)
__lock___dd_hash_mutex                            C:/Tools/SysGCC/bin/../lib/gcc/arm-none-eabi/14.2.1/thumb/v7e-m+fp/hard\libc_nano.a(libc_a-lock.o)
__lock___env_recursive_mutex                      C:/Tools/SysGCC/bin/../lib/gcc/arm-none-eabi/14.2.1/thumb/v7e-m+fp/hard\libc_nano.a(libc_a-lock.o)
__lock___malloc_recursive_mutex                   C:/Tools/SysGCC/bin/../lib/gcc/arm-none-eabi/14.2.1/thumb/v7e-m+fp/hard\libc_nano.a(libc_a-lock.o)
                                                  C:/Tools/SysGCC/bin/../lib/gcc/arm-none-eabi/14.2.1/thumb/v7e-m+fp/hard\libc_nano.a(libc_a-mlock.o)
__lock___sfp_recursive_mutex                      C:/Tools/SysGCC/bin/../lib/gcc/arm-none-eabi/14.2.1/thumb/v7e-m+fp/hard\libc_nano.a(libc_a-lock.o)
                                                  C:/Tools/SysGCC/bin/../lib/gcc/arm-none-eabi/14.2.1/thumb/v7e-m+fp/hard\libc_nano.a(libc_a-findfp.o)
__lock___tz_mutex                                 C:/Tools/SysGCC/bin/../lib/gcc/arm-none-eabi/14.2.1/thumb/v7e-m+fp/hard\libc_nano.a(libc_a-lock.o)
__malloc_free_list                                C:/Tools/SysGCC/bin/../lib/gcc/arm-none-eabi/14.2.1/thumb/v7e-m+fp/hard\libc_nano.a(libc_a-mallocr.o)
                                                  C:/Tools/SysGCC/bin/../lib/gcc/arm-none-eabi/14.2.1/thumb/v7e-m+fp/hard\libc_nano.a(libc_a-freer.o)
__malloc_lock                                     C:/Tools/SysGCC/bin/../lib/gcc/arm-none-eabi/14.2.1/thumb/v7e-m+fp/hard\libc_nano.a(libc_a-mlock.o)
                                                  C:/Tools/SysGCC/bin/../lib/gcc/arm-none-eabi/14.2.1/thumb/v7e-m+fp/hard\libc_nano.a(libc_a-mallocr.o)
                                                  C:/Tools/SysGCC/bin/../lib/gcc/arm-none-eabi/14.2.1/thumb/v7e-m+fp/hard\libc_nano.a(libc_a-freer.o)
__malloc_sbrk_start                               C:/Tools/SysGCC/bin/../lib/gcc/arm-none-eabi/14.2.1/thumb/v7e-m+fp/hard\libc_nano.a(libc_a-mallocr.o)
__malloc_unlock                                   C:/Tools/SysGCC/bin/../lib/gcc/arm-none-eabi/14.2.1/thumb/v7e-m+fp/hard\libc_nano.a(libc_a-mlock.o)
                                                  C:/Tools/SysGCC/bin/../lib/gcc/arm-none-eabi/14.2.1/thumb/v7e-m+fp/hard\libc_nano.a(libc_a-mallocr.o)
                                                  C:/Tools/SysGCC/bin/../lib/gcc/arm-none-eabi/14.2.1/thumb/v7e-m+fp/hard\libc_nano.a(libc_a-freer.o)
__preinit_array_end                               C:/Tools/SysGCC/bin/../lib/gcc/arm-none-eabi/14.2.1/thumb/v7e-m+fp/hard\libc_nano.a(libc_a-init.o)
__preinit_array_start                             C:/Tools/SysGCC/bin/../lib/gcc/arm-none-eabi/14.2.1/thumb/v7e-m+fp/hard\libc_nano.a(libc_a-init.o)
__register_frame_info                             C:/Tools/SysGCC/bin/../lib/gcc/arm-none-eabi/14.2.1/thumb/v7e-m+fp/hard/crtbegin.o
__retarget_lock_acquire                           C:/Tools/SysGCC/bin/../lib/gcc/arm-none-eabi/14.2.1/thumb/v7e-m+fp/hard\libc_nano.a(libc_a-lock.o)
__retarget_lock_acquire_recursive                 C:/Tools/SysGCC/bin/../lib/gcc/arm-none-eabi/14.2.1/thumb/v7e-m+fp/hard\libc_nano.a(libc_a-lock.o)
                                                  C:/Tools/SysGCC/bin/../lib/gcc/arm-none-eabi/14.2.1/thumb/v7e-m+fp/hard\libc_nano.a(libc_a-fflush.o)
                                                  C:/Tools/SysGCC/bin/../lib/gcc/arm-none-eabi/14.2.1/thumb/v7e-m+fp/hard\libc_nano.a(libc_a-mlock.o)
                                                  C:/Tools/SysGCC/bin/../lib/gcc/arm-none-eabi/14.2.1/thumb/v7e-m+fp/hard\libc_nano.a(libc_a-findfp.o)
__retarget_lock_close                             C:/Tools/SysGCC/bin/../lib/gcc/arm-none-eabi/14.2.1/thumb/v7e-m+fp/hard\libc_nano.a(libc_a-lock.o)
__retarget_lock_close_recursive                   C:/Tools/SysGCC/bin/../lib/gcc/arm-none-eabi/14.2.1/thumb/v7e-m+fp/hard\libc_nano.a(libc_a-lock.o)
__retarget_lock_init                              C:/Tools/SysGCC/bin/../lib/gcc/arm-none-eabi/14.2.1/thumb/v7e-m+fp/hard\libc_nano.a(libc_a-lock.o)
__retarget_lock_init_recursive                    C:/Tools/SysGCC/bin/../lib/gcc/arm-none-eabi/14.2.1/thumb/v7e-m+fp/hard\libc_nano.a(libc_a-lock.o)
                                                  C:/Tools/SysGCC/bin/../lib/gcc/arm-none-eabi/14.2.1/thumb/v7e-m+fp/hard\libc_nano.a(libc_a-findfp.o)
__retarget_lock_release                           C:/Tools/SysGCC/bin/../lib/gcc/arm-none-eabi/14.2.1/thumb/v7e-m+fp/hard\libc_nano.a(libc_a-lock.o)
__retarget_lock_release_recursive                 C:/Tools/SysGCC/bin/../lib/gcc/arm-none-eabi/14.2.1/thumb/v7e-m+fp/hard\libc_nano.a(libc_a-lock.o)
                                                  C:/Tools/SysGCC/bin/../lib/gcc/arm-none-eabi/14.2.1/thumb/v7e-m+fp/hard\libc_nano.a(libc_a-fflush.o)
                                                  C:/Tools/SysGCC/bin/../lib/gcc/arm-none-eabi/14.2.1/thumb/v7e-m+fp/hard\libc_nano.a(libc_a-mlock.o)
                                                  C:/Tools/SysGCC/bin/../lib/gcc/arm-none-eabi/14.2.1/thumb/v7e-m+fp/hard\libc_nano.a(libc_a-findfp.o)
__retarget_lock_try_acquire                       C:/Tools/SysGCC/bin/../lib/gcc/arm-none-eabi/14.2.1/thumb/v7e-m+fp/hard\libc_nano.a(libc_a-lock.o)
__retarget_lock_try_acquire_recursive             C:/Tools/SysGCC/bin/../lib/gcc/arm-none-eabi/14.2.1/thumb/v7e-m+fp/hard\libc_nano.a(libc_a-lock.o)
__sclose                                          C:/Tools/SysGCC/bin/../lib/gcc/arm-none-eabi/14.2.1/thumb/v7e-m+fp/hard\libc_nano.a(libc_a-stdio.o)
                                                  C:/Tools/SysGCC/bin/../lib/gcc/arm-none-eabi/14.2.1/thumb/v7e-m+fp/hard\libc_nano.a(libc_a-findfp.o)
__seofread                                        C:/Tools/SysGCC/bin/../lib/gcc/arm-none-eabi/14.2.1/thumb/v7e-m+fp/hard\libc_nano.a(libc_a-stdio.o)
__sf                                              C:/Tools/SysGCC/bin/../lib/gcc/arm-none-eabi/14.2.1/thumb/v7e-m+fp/hard\libc_nano.a(libc_a-findfp.o)
                                                  C:/Tools/SysGCC/bin/../lib/gcc/arm-none-eabi/14.2.1/thumb/v7e-m+fp/hard\libc_nano.a(libc_a-impure.o)
__sflush_r                                        C:/Tools/SysGCC/bin/../lib/gcc/arm-none-eabi/14.2.1/thumb/v7e-m+fp/hard\libc_nano.a(libc_a-fflush.o)
__sfp                                             C:/Tools/SysGCC/bin/../lib/gcc/arm-none-eabi/14.2.1/thumb/v7e-m+fp/hard\libc_nano.a(libc_a-findfp.o)
__sfp_lock_acquire                                C:/Tools/SysGCC/bin/../lib/gcc/arm-none-eabi/14.2.1/thumb/v7e-m+fp/hard\libc_nano.a(libc_a-findfp.o)
__sfp_lock_release                                C:/Tools/SysGCC/bin/../lib/gcc/arm-none-eabi/14.2.1/thumb/v7e-m+fp/hard\libc_nano.a(libc_a-findfp.o)
__sglue                                           C:/Tools/SysGCC/bin/../lib/gcc/arm-none-eabi/14.2.1/thumb/v7e-m+fp/hard\libc_nano.a(libc_a-findfp.o)
                                                  C:/Tools/SysGCC/bin/../lib/gcc/arm-none-eabi/14.2.1/thumb/v7e-m+fp/hard\libc_nano.a(libc_a-fflush.o)
__sinit                                           C:/Tools/SysGCC/bin/../lib/gcc/arm-none-eabi/14.2.1/thumb/v7e-m+fp/hard\libc_nano.a(libc_a-findfp.o)
                                                  C:/Tools/SysGCC/bin/../lib/gcc/arm-none-eabi/14.2.1/thumb/v7e-m+fp/hard\libc_nano.a(libc_a-fflush.o)
__sread                                           C:/Tools/SysGCC/bin/../lib/gcc/arm-none-eabi/14.2.1/thumb/v7e-m+fp/hard\libc_nano.a(libc_a-stdio.o)
                                                  C:/Tools/SysGCC/bin/../lib/gcc/arm-none-eabi/14.2.1/thumb/v7e-m+fp/hard\libc_nano.a(libc_a-findfp.o)
__sseek                                           C:/Tools/SysGCC/bin/../lib/gcc/arm-none-eabi/14.2.1/thumb/v7e-m+fp/hard\libc_nano.a(libc_a-stdio.o)
                                                  C:/Tools/SysGCC/bin/../lib/gcc/arm-none-eabi/14.2.1/thumb/v7e-m+fp/hard\libc_nano.a(libc_a-findfp.o)
__stack                                           C:/Tools/SysGCC/bin/../lib/gcc/arm-none-eabi/14.2.1/thumb/v7e-m+fp/hard/crt0.o
__stdio_exit_handler                              C:/Tools/SysGCC/bin/../lib/gcc/arm-none-eabi/14.2.1/thumb/v7e-m+fp/hard\libc_nano.a(libc_a-findfp.o)
                                                  C:/Tools/SysGCC/bin/../lib/gcc/arm-none-eabi/14.2.1/thumb/v7e-m+fp/hard\libc_nano.a(libc_a-exit.o)
__swrite                                          C:/Tools/SysGCC/bin/../lib/gcc/arm-none-eabi/14.2.1/thumb/v7e-m+fp/hard\libc_nano.a(libc_a-stdio.o)
                                                  C:/Tools/SysGCC/bin/../lib/gcc/arm-none-eabi/14.2.1/thumb/v7e-m+fp/hard\libc_nano.a(libc_a-findfp.o)
_close                                            Build/syscalls.o
                                                  C:/Tools/SysGCC/bin/../lib/gcc/arm-none-eabi/14.2.1/thumb/v7e-m+fp/hard\libc_nano.a(libc_a-closer.o)
_close_r                                          C:/Tools/SysGCC/bin/../lib/gcc/arm-none-eabi/14.2.1/thumb/v7e-m+fp/hard\libc_nano.a(libc_a-closer.o)
                                                  C:/Tools/SysGCC/bin/../lib/gcc/arm-none-eabi/14.2.1/thumb/v7e-m+fp/hard\libc_nano.a(libc_a-stdio.o)
_ebss                                             Build/startup_stm32f429xx.o
_edata                                            Build/startup_stm32f429xx.o
_end                                              Build/sysmem.o
_estack                                           Build/startup_stm32f429xx.o
                                                  Build/sysmem.o
_execve                                           Build/syscalls.o
_exit                                             Build/syscalls.o
                                                  C:/Tools/SysGCC/bin/../lib/gcc/arm-none-eabi/14.2.1/thumb/v7e-m+fp/hard\libc_nano.a(libc_a-exit.o)
_fflush_r                                         C:/Tools/SysGCC/bin/../lib/gcc/arm-none-eabi/14.2.1/thumb/v7e-m+fp/hard\libc_nano.a(libc_a-fflush.o)
                                                  C:/Tools/SysGCC/bin/../lib/gcc/arm-none-eabi/14.2.1/thumb/v7e-m+fp/hard\libc_nano.a(libc_a-findfp.o)
_fini                                             C:/Tools/SysGCC/bin/../lib/gcc/arm-none-eabi/14.2.1/thumb/v7e-m+fp/hard/crti.o
_fork                                             Build/syscalls.o
_free_r                                           C:/Tools/SysGCC/bin/../lib/gcc/arm-none-eabi/14.2.1/thumb/v7e-m+fp/hard\libc_nano.a(libc_a-freer.o)
                                                  C:/Tools/SysGCC/bin/../lib/gcc/arm-none-eabi/14.2.1/thumb/v7e-m+fp/hard\libc_nano.a(libc_a-fflush.o)
                                                  C:/Tools/SysGCC/bin/../lib/gcc/arm-none-eabi/14.2.1/thumb/v7e-m+fp/hard\libc_nano.a(libc_a-reent.o)
_fstat                                            Build/syscalls.o
_fwalk_sglue                                      C:/Tools/SysGCC/bin/../lib/gcc/arm-none-eabi/14.2.1/thumb/v7e-m+fp/hard\libc_nano.a(libc_a-fwalk.o)
                                                  C:/Tools/SysGCC/bin/../lib/gcc/arm-none-eabi/14.2.1/thumb/v7e-m+fp/hard\libc_nano.a(libc_a-fflush.o)
                                                  C:/Tools/SysGCC/bin/../lib/gcc/arm-none-eabi/14.2.1/thumb/v7e-m+fp/hard\libc_nano.a(libc_a-findfp.o)
_getpid                                           Build/syscalls.o
_impure_data                                      C:/Tools/SysGCC/bin/../lib/gcc/arm-none-eabi/14.2.1/thumb/v7e-m+fp/hard\libc_nano.a(libc_a-impure.o)
                                                  C:/Tools/SysGCC/bin/../lib/gcc/arm-none-eabi/14.2.1/thumb/v7e-m+fp/hard\libc_nano.a(libc_a-fflush.o)
                                                  C:/Tools/SysGCC/bin/../lib/gcc/arm-none-eabi/14.2.1/thumb/v7e-m+fp/hard\libc_nano.a(libc_a-findfp.o)
_impure_ptr                                       C:/Tools/SysGCC/bin/../lib/gcc/arm-none-eabi/14.2.1/thumb/v7e-m+fp/hard\libc_nano.a(libc_a-impure.o)
                                                  C:/Tools/SysGCC/bin/../lib/gcc/arm-none-eabi/14.2.1/thumb/v7e-m+fp/hard\libc_nano.a(libc_a-fflush.o)
                                                  C:/Tools/SysGCC/bin/../lib/gcc/arm-none-eabi/14.2.1/thumb/v7e-m+fp/hard\libc_nano.a(libc_a-errno.o)
                                                  C:/Tools/SysGCC/bin/../lib/gcc/arm-none-eabi/14.2.1/thumb/v7e-m+fp/hard\libc_nano.a(libc_a-reent.o)
_init                                             C:/Tools/SysGCC/bin/../lib/gcc/arm-none-eabi/14.2.1/thumb/v7e-m+fp/hard/crti.o
                                                  C:/Tools/SysGCC/bin/../lib/gcc/arm-none-eabi/14.2.1/thumb/v7e-m+fp/hard\libc_nano.a(libc_a-init.o)
_isatty                                           Build/syscalls.o
_kill                                             Build/syscalls.o
_link                                             Build/syscalls.o
_lseek                                            Build/syscalls.o
                                                  C:/Tools/SysGCC/bin/../lib/gcc/arm-none-eabi/14.2.1/thumb/v7e-m+fp/hard\libc_nano.a(libc_a-lseekr.o)
_lseek_r                                          C:/Tools/SysGCC/bin/../lib/gcc/arm-none-eabi/14.2.1/thumb/v7e-m+fp/hard\libc_nano.a(libc_a-lseekr.o)
                                                  C:/Tools/SysGCC/bin/../lib/gcc/arm-none-eabi/14.2.1/thumb/v7e-m+fp/hard\libc_nano.a(libc_a-stdio.o)
_mainCRTStartup                                   C:/Tools/SysGCC/bin/../lib/gcc/arm-none-eabi/14.2.1/thumb/v7e-m+fp/hard/crt0.o
_malloc_r                                         C:/Tools/SysGCC/bin/../lib/gcc/arm-none-eabi/14.2.1/thumb/v7e-m+fp/hard\libc_nano.a(libc_a-mallocr.o)
                                                  C:/Tools/SysGCC/bin/../lib/gcc/arm-none-eabi/14.2.1/thumb/v7e-m+fp/hard\libc_nano.a(libc_a-findfp.o)
_open                                             Build/syscalls.o
_read                                             Build/syscalls.o
                                                  C:/Tools/SysGCC/bin/../lib/gcc/arm-none-eabi/14.2.1/thumb/v7e-m+fp/hard\libc_nano.a(libc_a-readr.o)
_read_r                                           C:/Tools/SysGCC/bin/../lib/gcc/arm-none-eabi/14.2.1/thumb/v7e-m+fp/hard\libc_nano.a(libc_a-readr.o)
                                                  C:/Tools/SysGCC/bin/../lib/gcc/arm-none-eabi/14.2.1/thumb/v7e-m+fp/hard\libc_nano.a(libc_a-stdio.o)
_reclaim_reent                                    C:/Tools/SysGCC/bin/../lib/gcc/arm-none-eabi/14.2.1/thumb/v7e-m+fp/hard\libc_nano.a(libc_a-reent.o)
_sbrk                                             Build/sysmem.o
                                                  C:/Tools/SysGCC/bin/../lib/gcc/arm-none-eabi/14.2.1/thumb/v7e-m+fp/hard\libc_nano.a(libc_a-sbrkr.o)
_sbrk_r                                           C:/Tools/SysGCC/bin/../lib/gcc/arm-none-eabi/14.2.1/thumb/v7e-m+fp/hard\libc_nano.a(libc_a-sbrkr.o)
                                                  C:/Tools/SysGCC/bin/../lib/gcc/arm-none-eabi/14.2.1/thumb/v7e-m+fp/hard\libc_nano.a(libc_a-mallocr.o)
_sbss                                             Build/startup_stm32f429xx.o
_sdata                                            Build/startup_stm32f429xx.o
_sidata                                           Build/startup_stm32f429xx.o
_stack_init                                       C:/Tools/SysGCC/bin/../lib/gcc/arm-none-eabi/14.2.1/thumb/v7e-m+fp/hard/crt0.o
_start                                            C:/Tools/SysGCC/bin/../lib/gcc/arm-none-eabi/14.2.1/thumb/v7e-m+fp/hard/crt0.o
_stat                                             Build/syscalls.o
_times                                            Build/syscalls.o
_unlink                                           Build/syscalls.o
_wait                                             Build/syscalls.o
_write                                            Build/syscalls.o
                                                  C:/Tools/SysGCC/bin/../lib/gcc/arm-none-eabi/14.2.1/thumb/v7e-m+fp/hard\libc_nano.a(libc_a-writer.o)
_write_r                                          C:/Tools/SysGCC/bin/../lib/gcc/arm-none-eabi/14.2.1/thumb/v7e-m+fp/hard\libc_nano.a(libc_a-writer.o)
                                                  C:/Tools/SysGCC/bin/../lib/gcc/arm-none-eabi/14.2.1/thumb/v7e-m+fp/hard\libc_nano.a(libc_a-stdio.o)
adc                                               Build/main.o
                                                  Build/it_handlers.o
atexit                                            C:/Tools/SysGCC/bin/../lib/gcc/arm-none-eabi/14.2.1/thumb/v7e-m+fp/hard/crt0.o
brightnes                                         Build/main.o
brightness                                        Build/main.o
duty                                              Build/main.o
enc                                               Build/main.o
environ                                           Build/syscalls.o
errno                                             C:/Tools/SysGCC/bin/../lib/gcc/arm-none-eabi/14.2.1/thumb/v7e-m+fp/hard\libc_nano.a(libc_a-reent.o)
                                                  C:/Tools/SysGCC/bin/../lib/gcc/arm-none-eabi/14.2.1/thumb/v7e-m+fp/hard\libc_nano.a(libc_a-sbrkr.o)
                                                  C:/Tools/SysGCC/bin/../lib/gcc/arm-none-eabi/14.2.1/thumb/v7e-m+fp/hard\libc_nano.a(libc_a-writer.o)
                                                  C:/Tools/SysGCC/bin/../lib/gcc/arm-none-eabi/14.2.1/thumb/v7e-m+fp/hard\libc_nano.a(libc_a-readr.o)
                                                  C:/Tools/SysGCC/bin/../lib/gcc/arm-none-eabi/14.2.1/thumb/v7e-m+fp/hard\libc_nano.a(libc_a-lseekr.o)
                                                  C:/Tools/SysGCC/bin/../lib/gcc/arm-none-eabi/14.2.1/thumb/v7e-m+fp/hard\libc_nano.a(libc_a-closer.o)
exit                                              C:/Tools/SysGCC/bin/../lib/gcc/arm-none-eabi/14.2.1/thumb/v7e-m+fp/hard\libc_nano.a(libc_a-exit.o)
                                                  C:/Tools/SysGCC/bin/../lib/gcc/arm-none-eabi/14.2.1/thumb/v7e-m+fp/hard/crt0.o
fflush                                            C:/Tools/SysGCC/bin/../lib/gcc/arm-none-eabi/14.2.1/thumb/v7e-m+fp/hard\libc_nano.a(libc_a-fflush.o)
flag                                              Build/main.o
                                                  Build/it_handlers.o
g_pfnVectors                                      Build/startup_stm32f429xx.o
hardware_init_hook                                C:/Tools/SysGCC/bin/../lib/gcc/arm-none-eabi/14.2.1/thumb/v7e-m+fp/hard/crt0.o
initialise_monitor_handles                        Build/syscalls.o
main                                              Build/main.o
                                                  Build/startup_stm32f429xx.o
                                                  C:/Tools/SysGCC/bin/../lib/gcc/arm-none-eabi/14.2.1/thumb/v7e-m+fp/hard/crt0.o
memset                                            C:/Tools/SysGCC/bin/../lib/gcc/arm-none-eabi/14.2.1/thumb/v7e-m+fp/hard\libc_nano.a(libc_a-memset.o)
                                                  C:/Tools/SysGCC/bin/../lib/gcc/arm-none-eabi/14.2.1/thumb/v7e-m+fp/hard\libc_nano.a(libc_a-findfp.o)
                                                  C:/Tools/SysGCC/bin/../lib/gcc/arm-none-eabi/14.2.1/thumb/v7e-m+fp/hard/crt0.o
position                                          Build/main.o
pot1                                              Build/main.o
pot2                                              Build/main.o
pot3                                              Build/main.o
read_POT1                                         Build/init.o
read_POT2                                         Build/init.o
read_POT3                                         Build/init.o
software_init_hook                                C:/Tools/SysGCC/bin/../lib/gcc/arm-none-eabi/14.2.1/thumb/v7e-m+fp/hard/crt0.o
