ARM GAS  C:\Users\SIMONM~1\AppData\Local\Temp\cc3eYjod.s 			page 1


   1              		.cpu cortex-m4
   2              		.arch armv7e-m
   3              		.fpu fpv4-sp-d16
   4              		.eabi_attribute 27, 1
   5              		.eabi_attribute 28, 1
   6              		.eabi_attribute 20, 1
   7              		.eabi_attribute 21, 1
   8              		.eabi_attribute 23, 3
   9              		.eabi_attribute 24, 1
  10              		.eabi_attribute 25, 1
  11              		.eabi_attribute 26, 1
  12              		.eabi_attribute 30, 1
  13              		.eabi_attribute 34, 1
  14              		.eabi_attribute 18, 4
  15              		.file	"main.c"
  16              		.text
  17              	.Ltext0:
  18              		.cfi_sections	.debug_frame
  19              		.file 1 "Core/Src/main.c"
  20              		.section	.text.delay_cycles,"ax",%progbits
  21              		.align	1
  22              		.syntax unified
  23              		.thumb
  24              		.thumb_func
  26              	delay_cycles:
  27              	.LVL0:
  28              	.LFB130:
   1:Core/Src/main.c **** #include "main.h"
   2:Core/Src/main.c **** 
   3:Core/Src/main.c **** static void delay_cycles(volatile uint32_t t) //time in ms
   4:Core/Src/main.c **** {
  29              		.loc 1 4 1 view -0
  30              		.cfi_startproc
  31              		@ args = 0, pretend = 0, frame = 8
  32              		@ frame_needed = 0, uses_anonymous_args = 0
  33              		@ link register save eliminated.
  34              		.loc 1 4 1 is_stmt 0 view .LVU1
  35 0000 82B0     		sub	sp, sp, #8
  36              	.LCFI0:
  37              		.cfi_def_cfa_offset 8
  38 0002 0190     		str	r0, [sp, #4]
   5:Core/Src/main.c ****     while (t--) __NOP();
  39              		.loc 1 5 5 is_stmt 1 view .LVU2
  40              		.loc 1 5 11 is_stmt 0 view .LVU3
  41 0004 00E0     		b	.L2
  42              	.L3:
  43              		.loc 1 5 17 is_stmt 1 discriminator 2 view .LVU4
  44              		.syntax unified
  45              	@ 5 "Core/Src/main.c" 1
  46 0006 00BF     		nop
  47              	@ 0 "" 2
  48              		.thumb
  49              		.syntax unified
  50              	.L2:
  51              		.loc 1 5 12 discriminator 1 view .LVU5
  52              		.loc 1 5 13 is_stmt 0 discriminator 1 view .LVU6
  53 0008 019B     		ldr	r3, [sp, #4]
ARM GAS  C:\Users\SIMONM~1\AppData\Local\Temp\cc3eYjod.s 			page 2


  54 000a 5A1E     		subs	r2, r3, #1
  55 000c 0192     		str	r2, [sp, #4]
  56              		.loc 1 5 12 discriminator 1 view .LVU7
  57 000e 002B     		cmp	r3, #0
  58 0010 F9D1     		bne	.L3
   6:Core/Src/main.c **** }
  59              		.loc 1 6 1 view .LVU8
  60 0012 02B0     		add	sp, sp, #8
  61              	.LCFI1:
  62              		.cfi_def_cfa_offset 0
  63              		@ sp needed
  64 0014 7047     		bx	lr
  65              		.cfi_endproc
  66              	.LFE130:
  68              		.section	.text.debounce,"ax",%progbits
  69              		.align	1
  70              		.syntax unified
  71              		.thumb
  72              		.thumb_func
  74              	debounce:
  75              	.LVL1:
  76              	.LFB131:
   7:Core/Src/main.c **** 
   8:Core/Src/main.c **** static uint8_t debounce(uint32_t bitmask)
   9:Core/Src/main.c **** {
  77              		.loc 1 9 1 is_stmt 1 view -0
  78              		.cfi_startproc
  79              		@ args = 0, pretend = 0, frame = 0
  80              		@ frame_needed = 0, uses_anonymous_args = 0
  81              		.loc 1 9 1 is_stmt 0 view .LVU10
  82 0000 38B5     		push	{r3, r4, r5, lr}
  83              	.LCFI2:
  84              		.cfi_def_cfa_offset 16
  85              		.cfi_offset 3, -16
  86              		.cfi_offset 4, -12
  87              		.cfi_offset 5, -8
  88              		.cfi_offset 14, -4
  89 0002 0546     		mov	r5, r0
  10:Core/Src/main.c ****     for (int i = 0; i < 5; i++)
  90              		.loc 1 10 5 is_stmt 1 view .LVU11
  91              	.LBB2:
  92              		.loc 1 10 10 view .LVU12
  93              	.LVL2:
  94              		.loc 1 10 14 is_stmt 0 view .LVU13
  95 0004 0024     		movs	r4, #0
  96              	.LVL3:
  97              	.L6:
  98              		.loc 1 10 23 is_stmt 1 discriminator 1 view .LVU14
  99 0006 042C     		cmp	r4, #4
 100 0008 09DC     		bgt	.L11
  11:Core/Src/main.c ****     {
  12:Core/Src/main.c ****         if (!BIT_READ(GPIOB->IDR, bitmask))
 101              		.loc 1 12 9 view .LVU15
 102              		.loc 1 12 14 is_stmt 0 view .LVU16
 103 000a 074B     		ldr	r3, .L12
 104 000c 1B69     		ldr	r3, [r3, #16]
 105              		.loc 1 12 12 view .LVU17
ARM GAS  C:\Users\SIMONM~1\AppData\Local\Temp\cc3eYjod.s 			page 3


 106 000e 2B42     		tst	r3, r5
 107 0010 07D0     		beq	.L9
  13:Core/Src/main.c ****             return 0;
  14:Core/Src/main.c ****         delay_cycles(3000);
 108              		.loc 1 14 9 is_stmt 1 view .LVU18
 109 0012 40F6B830 		movw	r0, #3000
 110 0016 FFF7FEFF 		bl	delay_cycles
 111              	.LVL4:
  10:Core/Src/main.c ****     {
 112              		.loc 1 10 29 discriminator 2 view .LVU19
 113 001a 0134     		adds	r4, r4, #1
 114              	.LVL5:
  10:Core/Src/main.c ****     {
 115              		.loc 1 10 29 is_stmt 0 discriminator 2 view .LVU20
 116 001c F3E7     		b	.L6
 117              	.LVL6:
 118              	.L11:
  10:Core/Src/main.c ****     {
 119              		.loc 1 10 29 discriminator 2 view .LVU21
 120              	.LBE2:
  15:Core/Src/main.c ****     }
  16:Core/Src/main.c ****     return 1;
 121              		.loc 1 16 12 view .LVU22
 122 001e 0120     		movs	r0, #1
 123              	.L7:
  17:Core/Src/main.c **** }
 124              		.loc 1 17 1 view .LVU23
 125 0020 38BD     		pop	{r3, r4, r5, pc}
 126              	.LVL7:
 127              	.L9:
 128              	.LBB3:
  13:Core/Src/main.c ****         delay_cycles(3000);
 129              		.loc 1 13 20 view .LVU24
 130 0022 0020     		movs	r0, #0
 131 0024 FCE7     		b	.L7
 132              	.L13:
 133 0026 00BF     		.align	2
 134              	.L12:
 135 0028 00040240 		.word	1073873920
 136              	.LBE3:
 137              		.cfi_endproc
 138              	.LFE131:
 140              		.section	.text.main,"ax",%progbits
 141              		.align	1
 142              		.global	main
 143              		.syntax unified
 144              		.thumb
 145              		.thumb_func
 147              	main:
 148              	.LFB132:
  18:Core/Src/main.c **** 
  19:Core/Src/main.c **** int main(void)
  20:Core/Src/main.c **** {
 149              		.loc 1 20 1 is_stmt 1 view -0
 150              		.cfi_startproc
 151              		@ args = 0, pretend = 0, frame = 0
 152              		@ frame_needed = 0, uses_anonymous_args = 0
ARM GAS  C:\Users\SIMONM~1\AppData\Local\Temp\cc3eYjod.s 			page 4


 153 0000 70B5     		push	{r4, r5, r6, lr}
 154              	.LCFI3:
 155              		.cfi_def_cfa_offset 16
 156              		.cfi_offset 4, -16
 157              		.cfi_offset 5, -12
 158              		.cfi_offset 6, -8
 159              		.cfi_offset 14, -4
  21:Core/Src/main.c ****     Led_init();
 160              		.loc 1 21 5 view .LVU26
 161 0002 FFF7FEFF 		bl	Led_init
 162              	.LVL8:
  22:Core/Src/main.c ****     Buttons_Init();
 163              		.loc 1 22 5 view .LVU27
 164 0006 FFF7FEFF 		bl	Buttons_Init
 165              	.LVL9:
  23:Core/Src/main.c **** 
  24:Core/Src/main.c ****     uint8_t btn2_state = 0;   // 0 = PB10 input, 1 = PB10 output
 166              		.loc 1 24 5 view .LVU28
  25:Core/Src/main.c ****     uint8_t led_flag = 0;     // switch PB11/PB12
 167              		.loc 1 25 5 view .LVU29
  26:Core/Src/main.c ****     uint8_t btn1 = 0;
 168              		.loc 1 26 5 view .LVU30
  27:Core/Src/main.c ****     uint8_t btn2 = 0;
 169              		.loc 1 27 5 view .LVU31
  25:Core/Src/main.c ****     uint8_t led_flag = 0;     // switch PB11/PB12
 170              		.loc 1 25 13 is_stmt 0 view .LVU32
 171 000a 0024     		movs	r4, #0
  24:Core/Src/main.c ****     uint8_t led_flag = 0;     // switch PB11/PB12
 172              		.loc 1 24 13 view .LVU33
 173 000c 2546     		mov	r5, r4
 174 000e 1AE0     		b	.L15
 175              	.LVL10:
 176              	.L24:
  28:Core/Src/main.c **** 
  29:Core/Src/main.c ****     while (1)
  30:Core/Src/main.c ****     {
  31:Core/Src/main.c ****         btn2  = BIT_READ(GPIOB->IDR, GPIO_IDR_ID6);
  32:Core/Src/main.c ****         btn1 = BIT_READ(GPIOB->IDR, GPIO_IDR_ID10);
  33:Core/Src/main.c ****         if (BIT_READ(GPIOB->IDR, GPIO_IDR_ID6))
  34:Core/Src/main.c ****         {
  35:Core/Src/main.c ****             if (debounce(GPIO_IDR_ID6))
 177              		.loc 1 35 13 is_stmt 1 view .LVU34
 178              		.loc 1 35 17 is_stmt 0 view .LVU35
 179 0010 4020     		movs	r0, #64
 180 0012 FFF7FEFF 		bl	debounce
 181              	.LVL11:
 182              		.loc 1 35 16 discriminator 1 view .LVU36
 183 0016 E8B1     		cbz	r0, .L16
  36:Core/Src/main.c ****             {
  37:Core/Src/main.c ****                 
  38:Core/Src/main.c ****                 btn2_state = !btn2_state;
 184              		.loc 1 38 17 is_stmt 1 view .LVU37
 185              		.loc 1 38 30 is_stmt 0 view .LVU38
 186 0018 85F00105 		eor	r5, r5, #1
 187              	.LVL12:
  39:Core/Src/main.c ****                 delay_cycles(500000);
 188              		.loc 1 39 17 is_stmt 1 view .LVU39
ARM GAS  C:\Users\SIMONM~1\AppData\Local\Temp\cc3eYjod.s 			page 5


 189 001c 3548     		ldr	r0, .L25
 190 001e FFF7FEFF 		bl	delay_cycles
 191              	.LVL13:
 192 0022 17E0     		b	.L16
 193              	.LVL14:
 194              	.L19:
  40:Core/Src/main.c ****             }
  41:Core/Src/main.c ****         }
  42:Core/Src/main.c **** 
  43:Core/Src/main.c ****         if (btn2_state == 0)
  44:Core/Src/main.c ****         {
  45:Core/Src/main.c ****  
  46:Core/Src/main.c ****             PB10_inp();
  47:Core/Src/main.c **** 
  48:Core/Src/main.c ****             if (BIT_READ(GPIOB->IDR, GPIO_IDR_ID10))
  49:Core/Src/main.c ****             {
  50:Core/Src/main.c ****                 if (debounce(GPIO_IDR_ID10))
  51:Core/Src/main.c ****                 {
  52:Core/Src/main.c ****                     led_flag = !led_flag;
  53:Core/Src/main.c **** 
  54:Core/Src/main.c ****                     if (led_flag)
  55:Core/Src/main.c ****                     {
  56:Core/Src/main.c ****                         BIT_SET(GPIOB_BSRR, GPIO_BSRR_BS11);
  57:Core/Src/main.c ****                         BIT_SET(GPIOB_BSRR, GPIO_BSRR_BR12);
  58:Core/Src/main.c ****                     }
  59:Core/Src/main.c ****                     else
  60:Core/Src/main.c ****                     {
  61:Core/Src/main.c ****                         BIT_SET(GPIOB_BSRR, GPIO_BSRR_BS12);
 195              		.loc 1 61 25 view .LVU40
 196 0024 344A     		ldr	r2, .L25+4
 197 0026 D2F81834 		ldr	r3, [r2, #1048]
 198 002a 43F48051 		orr	r1, r3, #4096
 199 002e C2F81814 		str	r1, [r2, #1048]
  62:Core/Src/main.c ****                         BIT_SET(GPIOB_BSRR, GPIO_BSRR_BR11);
 200              		.loc 1 62 25 view .LVU41
 201 0032 43F00063 		orr	r3, r3, #134217728
 202 0036 43F48053 		orr	r3, r3, #4096
 203 003a C2F81834 		str	r3, [r2, #1048]
 204              	.L20:
  63:Core/Src/main.c ****                     }
  64:Core/Src/main.c ****                     delay_cycles(500000);
 205              		.loc 1 64 21 view .LVU42
 206 003e 2D48     		ldr	r0, .L25
 207 0040 FFF7FEFF 		bl	delay_cycles
 208              	.LVL15:
  52:Core/Src/main.c **** 
 209              		.loc 1 52 30 is_stmt 0 view .LVU43
 210 0044 3446     		mov	r4, r6
 211              	.LVL16:
 212              	.L15:
  29:Core/Src/main.c ****     {
 213              		.loc 1 29 5 is_stmt 1 view .LVU44
  31:Core/Src/main.c ****         btn1 = BIT_READ(GPIOB->IDR, GPIO_IDR_ID10);
 214              		.loc 1 31 9 view .LVU45
  31:Core/Src/main.c ****         btn1 = BIT_READ(GPIOB->IDR, GPIO_IDR_ID10);
 215              		.loc 1 31 17 is_stmt 0 view .LVU46
 216 0046 2D4B     		ldr	r3, .L25+8
ARM GAS  C:\Users\SIMONM~1\AppData\Local\Temp\cc3eYjod.s 			page 6


 217 0048 1A69     		ldr	r2, [r3, #16]
 218              	.LVL17:
  32:Core/Src/main.c ****         if (BIT_READ(GPIOB->IDR, GPIO_IDR_ID6))
 219              		.loc 1 32 9 is_stmt 1 view .LVU47
  32:Core/Src/main.c ****         if (BIT_READ(GPIOB->IDR, GPIO_IDR_ID6))
 220              		.loc 1 32 16 is_stmt 0 view .LVU48
 221 004a 1A69     		ldr	r2, [r3, #16]
  33:Core/Src/main.c ****         {
 222              		.loc 1 33 9 is_stmt 1 view .LVU49
  33:Core/Src/main.c ****         {
 223              		.loc 1 33 13 is_stmt 0 view .LVU50
 224 004c 1B69     		ldr	r3, [r3, #16]
  33:Core/Src/main.c ****         {
 225              		.loc 1 33 12 view .LVU51
 226 004e 13F0400F 		tst	r3, #64
 227 0052 DDD1     		bne	.L24
 228              	.L16:
  43:Core/Src/main.c ****         {
 229              		.loc 1 43 9 is_stmt 1 view .LVU52
  43:Core/Src/main.c ****         {
 230              		.loc 1 43 12 is_stmt 0 view .LVU53
 231 0054 F5B9     		cbnz	r5, .L17
  46:Core/Src/main.c **** 
 232              		.loc 1 46 13 is_stmt 1 view .LVU54
 233 0056 FFF7FEFF 		bl	PB10_inp
 234              	.LVL18:
  48:Core/Src/main.c ****             {
 235              		.loc 1 48 13 view .LVU55
  48:Core/Src/main.c ****             {
 236              		.loc 1 48 17 is_stmt 0 view .LVU56
 237 005a 284B     		ldr	r3, .L25+8
 238 005c 1B69     		ldr	r3, [r3, #16]
  48:Core/Src/main.c ****             {
 239              		.loc 1 48 16 view .LVU57
 240 005e 13F4806F 		tst	r3, #1024
 241 0062 F0D0     		beq	.L15
  50:Core/Src/main.c ****                 {
 242              		.loc 1 50 17 is_stmt 1 view .LVU58
  50:Core/Src/main.c ****                 {
 243              		.loc 1 50 21 is_stmt 0 view .LVU59
 244 0064 4FF48060 		mov	r0, #1024
 245 0068 FFF7FEFF 		bl	debounce
 246              	.LVL19:
  50:Core/Src/main.c ****                 {
 247              		.loc 1 50 20 discriminator 1 view .LVU60
 248 006c 0028     		cmp	r0, #0
 249 006e EAD0     		beq	.L15
  52:Core/Src/main.c **** 
 250              		.loc 1 52 21 is_stmt 1 view .LVU61
  52:Core/Src/main.c **** 
 251              		.loc 1 52 32 is_stmt 0 view .LVU62
 252 0070 84F00106 		eor	r6, r4, #1
 253              	.LVL20:
  54:Core/Src/main.c ****                     {
 254              		.loc 1 54 21 is_stmt 1 view .LVU63
  54:Core/Src/main.c ****                     {
 255              		.loc 1 54 24 is_stmt 0 view .LVU64
ARM GAS  C:\Users\SIMONM~1\AppData\Local\Temp\cc3eYjod.s 			page 7


 256 0074 002C     		cmp	r4, #0
 257 0076 D5D1     		bne	.L19
  56:Core/Src/main.c ****                         BIT_SET(GPIOB_BSRR, GPIO_BSRR_BR12);
 258              		.loc 1 56 25 is_stmt 1 view .LVU65
 259 0078 1F4A     		ldr	r2, .L25+4
 260 007a D2F81834 		ldr	r3, [r2, #1048]
 261 007e 43F40061 		orr	r1, r3, #2048
 262 0082 C2F81814 		str	r1, [r2, #1048]
  57:Core/Src/main.c ****                     }
 263              		.loc 1 57 25 view .LVU66
 264 0086 43F08053 		orr	r3, r3, #268435456
 265 008a 43F40063 		orr	r3, r3, #2048
 266 008e C2F81834 		str	r3, [r2, #1048]
 267 0092 D4E7     		b	.L20
 268              	.LVL21:
 269              	.L17:
  65:Core/Src/main.c ****                 }
  66:Core/Src/main.c ****             }
  67:Core/Src/main.c ****         }
  68:Core/Src/main.c ****         else
  69:Core/Src/main.c ****         {
  70:Core/Src/main.c ****             PB10_out();
 270              		.loc 1 70 13 view .LVU67
 271 0094 FFF7FEFF 		bl	PB10_out
 272              	.LVL22:
  71:Core/Src/main.c **** 
  72:Core/Src/main.c ****             BIT_SET(GPIOB_BSRR, GPIO_BSRR_BS10);
 273              		.loc 1 72 13 view .LVU68
 274 0098 174A     		ldr	r2, .L25+4
 275 009a D2F81834 		ldr	r3, [r2, #1048]
 276 009e 43F48061 		orr	r1, r3, #1024
 277 00a2 C2F81814 		str	r1, [r2, #1048]
  73:Core/Src/main.c ****             BIT_SET(GPIOB_BSRR, GPIO_BSRR_BR11);
 278              		.loc 1 73 13 view .LVU69
 279 00a6 43F00061 		orr	r1, r3, #134217728
 280 00aa 41F48061 		orr	r1, r1, #1024
 281 00ae C2F81814 		str	r1, [r2, #1048]
  74:Core/Src/main.c ****             BIT_SET(GPIOB_BSRR, GPIO_BSRR_BR12);
 282              		.loc 1 74 13 view .LVU70
 283 00b2 43F0C053 		orr	r3, r3, #402653184
 284 00b6 43F48063 		orr	r3, r3, #1024
 285 00ba C2F81834 		str	r3, [r2, #1048]
 286              	.LVL23:
 287              	.L21:
  75:Core/Src/main.c **** 
  76:Core/Src/main.c ****     
  77:Core/Src/main.c ****             while (1)
 288              		.loc 1 77 13 view .LVU71
  78:Core/Src/main.c ****             {
  79:Core/Src/main.c ****                 btn2  = BIT_READ(GPIOB->IDR, GPIO_IDR_ID6);
 289              		.loc 1 79 17 view .LVU72
 290              		.loc 1 79 25 is_stmt 0 view .LVU73
 291 00be 0F4B     		ldr	r3, .L25+8
 292 00c0 1A69     		ldr	r2, [r3, #16]
 293              	.LVL24:
  80:Core/Src/main.c ****                 btn1 = BIT_READ(GPIOB->IDR, GPIO_IDR_ID10);
 294              		.loc 1 80 17 is_stmt 1 view .LVU74
ARM GAS  C:\Users\SIMONM~1\AppData\Local\Temp\cc3eYjod.s 			page 8


 295              		.loc 1 80 24 is_stmt 0 view .LVU75
 296 00c2 1A69     		ldr	r2, [r3, #16]
  81:Core/Src/main.c ****                 if (BIT_READ(GPIOB->IDR, GPIO_IDR_ID6))
 297              		.loc 1 81 17 is_stmt 1 view .LVU76
 298              		.loc 1 81 21 is_stmt 0 view .LVU77
 299 00c4 1B69     		ldr	r3, [r3, #16]
 300              		.loc 1 81 20 view .LVU78
 301 00c6 13F0400F 		tst	r3, #64
 302 00ca F8D0     		beq	.L21
  82:Core/Src/main.c ****                 {
  83:Core/Src/main.c ****                     if (debounce(GPIO_IDR_ID6))
 303              		.loc 1 83 21 is_stmt 1 view .LVU79
 304              		.loc 1 83 25 is_stmt 0 view .LVU80
 305 00cc 4020     		movs	r0, #64
 306 00ce FFF7FEFF 		bl	debounce
 307              	.LVL25:
 308              		.loc 1 83 24 discriminator 1 view .LVU81
 309 00d2 0028     		cmp	r0, #0
 310 00d4 F3D0     		beq	.L21
  84:Core/Src/main.c ****                     {
  85:Core/Src/main.c ****                         BIT_SET(GPIOB_BSRR, GPIO_BSRR_BR10);
 311              		.loc 1 85 25 is_stmt 1 view .LVU82
 312 00d6 084A     		ldr	r2, .L25+4
 313 00d8 D2F81834 		ldr	r3, [r2, #1048]
 314 00dc 43F08063 		orr	r3, r3, #67108864
 315 00e0 C2F81834 		str	r3, [r2, #1048]
  86:Core/Src/main.c ****                         PB10_inp();
 316              		.loc 1 86 25 view .LVU83
 317 00e4 FFF7FEFF 		bl	PB10_inp
 318              	.LVL26:
  87:Core/Src/main.c ****                         btn2_state = 0;
 319              		.loc 1 87 25 view .LVU84
  88:Core/Src/main.c ****                         delay_cycles(500000);
 320              		.loc 1 88 25 view .LVU85
 321 00e8 0248     		ldr	r0, .L25
 322 00ea FFF7FEFF 		bl	delay_cycles
 323              	.LVL27:
  89:Core/Src/main.c ****                         break;
 324              		.loc 1 89 25 view .LVU86
  87:Core/Src/main.c ****                         btn2_state = 0;
 325              		.loc 1 87 36 is_stmt 0 view .LVU87
 326 00ee 0025     		movs	r5, #0
 327              		.loc 1 89 25 view .LVU88
 328 00f0 A9E7     		b	.L15
 329              	.L26:
 330 00f2 00BF     		.align	2
 331              	.L25:
 332 00f4 20A10700 		.word	500000
 333 00f8 00000240 		.word	1073872896
 334 00fc 00040240 		.word	1073873920
 335              		.cfi_endproc
 336              	.LFE132:
 338              		.text
 339              	.Letext0:
 340              		.file 2 "C:/Tools/SysGCC/arm-none-eabi/include/machine/_default_types.h"
 341              		.file 3 "C:/Tools/SysGCC/arm-none-eabi/include/sys/_stdint.h"
 342              		.file 4 "Core/Inc/../../CMSIS/Devices/STM32F4xx/Inc/STM32F429ZI/stm32f429xx.h"
ARM GAS  C:\Users\SIMONM~1\AppData\Local\Temp\cc3eYjod.s 			page 9


 343              		.file 5 "Core/Inc/main.h"
ARM GAS  C:\Users\SIMONM~1\AppData\Local\Temp\cc3eYjod.s 			page 10


DEFINED SYMBOLS
                            *ABS*:00000000 main.c
C:\Users\SIMONM~1\AppData\Local\Temp\cc3eYjod.s:21     .text.delay_cycles:00000000 $t
C:\Users\SIMONM~1\AppData\Local\Temp\cc3eYjod.s:26     .text.delay_cycles:00000000 delay_cycles
C:\Users\SIMONM~1\AppData\Local\Temp\cc3eYjod.s:69     .text.debounce:00000000 $t
C:\Users\SIMONM~1\AppData\Local\Temp\cc3eYjod.s:74     .text.debounce:00000000 debounce
C:\Users\SIMONM~1\AppData\Local\Temp\cc3eYjod.s:135    .text.debounce:00000028 $d
C:\Users\SIMONM~1\AppData\Local\Temp\cc3eYjod.s:141    .text.main:00000000 $t
C:\Users\SIMONM~1\AppData\Local\Temp\cc3eYjod.s:147    .text.main:00000000 main
C:\Users\SIMONM~1\AppData\Local\Temp\cc3eYjod.s:332    .text.main:000000f4 $d

UNDEFINED SYMBOLS
Led_init
Buttons_Init
PB10_inp
PB10_out
